Scheduler report for : o_result_m_req_gen_prev_trig_reg                                                           
-------------------------------------------------------                                                                                            
                                                                                                                  
Op                    SID(BB;Clocked)  Pipeline Stage  IS     SRCLOC                                              
--                    ---------------  --------------  --     ------                                              
                                                                                                                  
o_result.m_req.m_pre  4 (3:FALSE)      --              FALSE  @(f:../Filter.h,l:19,c:38->f:/usr/cadtool/cadence/  
                                                                                                                  
o_result.m_req.m_tri  8 (7:FALSE)      --              FALSE  @(f:../Filter.h,l:19,c:38->f:/usr/cadtool/cadence/  
                                                                                                                  
o_result.m_req.m_pre  8 (7:FALSE)      --              FALSE  @(f:../Filter.h,l:19,c:38->f:/usr/cadtool/cadence/  
                                                                                                                  
                                                                                                                  
Scheduler report for : o_result_m_req_gen_active                                                                  
------------------------------------------------                                                                                            
                                                                                                                  
Op                    SID(BB;Clocked)  Pipeline Stage  IS     SRCLOC                                              
--                    ---------------  --------------  --     ------                                              
                                                                                                                  
o_result.m_req.m_pre  4 (3:FALSE)      --              FALSE  @(f:../Filter.h,l:19,c:38->f:/usr/cadtool/cadence/  
                                                                                                                  
o_result.m_req.m_tri  4 (3:FALSE)      --              FALSE  @(f:../Filter.h,l:19,c:38->f:/usr/cadtool/cadence/  
                                                                                                                  
o_result.m_req.gen_a  4 (3:FALSE)      --              FALSE  ../Filter.h,l:19,c:38                               
                                                                                                                  
o_result.m_req.activ  4 (3:FALSE)      --              FALSE  @(f:../Filter.h,l:19,c:38->f:/usr/cadtool/cadence/  
                                                                                                                  
                                                                                                                  
Scheduler report for : o_result_gen_vld                                                                           
---------------------------------------                                                                                            
                                                                                                                  
Op                    SID(BB;Clocked)  Pipeline Stage  IS     SRCLOC                                              
--                    ---------------  --------------  --     ------                                              
                                                                                                                  
o_result.m_req_activ  4 (3:FALSE)      --              FALSE  @(f:../Filter.h,l:19,c:38->f:/usr/cadtool/cadence/  
                                                                                                                  
o_result.m_unacked_r  4 (3:FALSE)      --              FALSE  @(f:../Filter.h,l:19,c:38->f:/usr/cadtool/cadence/  
                                                                                                                  
o_result.gen_vld      4 (3:FALSE)      --              FALSE  ../Filter.h,l:19,c:38                               
                                                                                                                  
o_result.vld.o_resul  4 (3:FALSE)      --              FALSE  @(f:../Filter.h,l:19,c:38->f:/usr/cadtool/cadence/  
                                                                                                                  
                                                                                                                  
Scheduler report for : o_result_m_req_gen_next_trig_reg                                                           
-------------------------------------------------------                                                                                            
                                                                                                                  
Op                    SID(BB;Clocked)  Pipeline Stage  IS     SRCLOC                                              
--                    ---------------  --------------  --     ------                                              
                                                                                                                  
o_result.m_req.m_tri  4 (3:FALSE)      --              FALSE  @(f:../Filter.h,l:19,c:38->f:/usr/cadtool/cadence/  
                                                                                                                  
o_result.m_req.gen_n  4 (3:FALSE)      --              FALSE  ../Filter.h,l:19,c:38                               
                                                                                                                  
o_result.m_req.m_nex  4 (3:FALSE)      --              FALSE  @(f:../Filter.h,l:19,c:38->f:/usr/cadtool/cadence/  
                                                                                                                  
                                                                                                                  
Scheduler report for : i_rgb_gen_unvalidated_req                                                                  
------------------------------------------------                                                                                            
                                                                                                                  
Op                    SID(BB;Clocked)  Pipeline Stage  IS     SRCLOC                                              
--                    ---------------  --------------  --     ------                                              
                                                                                                                  
i_rgb.m_unvalidated_  5 (4:FALSE)      --              FALSE  @(f:../Filter.h,l:18,c:37->f:/usr/cadtool/cadence/  
                                                                                                                  
i_rgb                 7 (6:FALSE)      --              FALSE  ../Filter.h,l:18,c:37                               
                                                                                                                  
i_rgb.m_unvalidated_  8 (7:TRUE)       --              FALSE  @(f:../Filter.h,l:18,c:37->f:/usr/cadtool/cadence/  
                                                                                                                  
i_rgb.m_busy_req_0.i  9 (8:FALSE)      --              FALSE  @(f:../Filter.h,l:18,c:37->f:/usr/cadtool/cadence/  
                                                                                                                  
i_rgb.vld.i_rgb.gen_  9 (8:FALSE)      --              FALSE  @(f:../Filter.h,l:18,c:37->f:/usr/cadtool/cadence/  
                                                                                                                  
i_rgb.gen_unvalidate  9 (8:FALSE)      --              FALSE  ../Filter.h,l:18,c:37                               
                                                                                                                  
i_rgb.m_unvalidated_  9 (8:FALSE)      --              FALSE  @(f:../Filter.h,l:18,c:37->f:/usr/cadtool/cadence/  
                                                                                                                  
                                                                                                                  
Scheduler report for : i_rgb_gen_do_stall_reg_full                                                                
--------------------------------------------------                                                                                            
                                                                                                                  
Op                    SID(BB;Clocked)  Pipeline Stage  IS     SRCLOC                                              
--                    ---------------  --------------  --     ------                                              
                                                                                                                  
i_rgb.m_stall_reg_fu  4 (3:FALSE)      --              FALSE  @(f:../Filter.h,l:18,c:37->f:/usr/cadtool/cadence/  
                                                                                                                  
i_rgb.m_stalling.i_r  8 (7:FALSE)      --              FALSE  @(f:../Filter.h,l:18,c:37->f:/usr/cadtool/cadence/  
                                                                                                                  
i_rgb.m_data_is_vali  8 (7:FALSE)      --              FALSE  @(f:../Filter.h,l:18,c:37->f:/usr/cadtool/cadence/  
                                                                                                                  
i_rgb.gen_do_stall_r  8 (7:FALSE)      --              FALSE  ../Filter.h,l:18,c:37                               
                                                                                                                  
i_rgb.m_stall_reg_fu  8 (7:FALSE)      --              FALSE  @(f:../Filter.h,l:18,c:37->f:/usr/cadtool/cadence/  
                                                                                                                  
                                                                                                                  
Scheduler report for : do_filter                                                                                  
--------------------------------                                                                                            
                                                                                                                  
Op                    SID(BB;Clocked)  Pipeline Stage  IS     SRCLOC                                              
--                    ---------------  --------------  --     ------                                              
                                                                                                                  
i_rgb.m_busy_req_0.r  3 (2:FALSE)      --              FALSE  @(f:../Filter.h,l:18,c:37->f:/usr/cadtool/cadence/  
                                                                                                                  
i_rgb.m_stalling.res  3 (2:FALSE)      --              FALSE  @(f:../Filter.h,l:18,c:37->f:/usr/cadtool/cadence/  
                                                                                                                  
o_result.m_req.m_tri  3 (2:FALSE)      --              FALSE  @(f:../Filter.h,l:19,c:38->f:/usr/cadtool/cadence/  
                                                                                                                  
result                5 (4:FALSE)      --              FALSE  ../Filter.h,l:33,c:15 -> f:../Filter.cpp,l:38,c:2   
                                                                                                                  
color                 5 (4:FALSE)      --              FALSE  ../Filter.cpp,l:55,c:19 -> l:38,c:2                 
                                                                                                                  
box                   5 (4:FALSE)      --              FALSE  ../Filter.h,l:31,c:16 -> f:../Filter.cpp,l:38,c:2   
                                                                                                                  
data_buffer           5 (4:FALSE)      --              FALSE  ../Filter.h,l:30,c:16 -> f:../Filter.cpp,l:38,c:2   
                                                                                                                  
center                5 (4:FALSE)      --              FALSE  ../Filter.h,l:32,c:16 -> f:../Filter.cpp,l:38,c:2   
                                                                                                                  
v                     5 (4:FALSE)      --              FALSE  ../Filter.cpp,l:43,c:21 -> c:23                     
                                                                                                                  
v                     6 (5:FALSE)      --              FALSE  ../Filter.cpp,l:43,c:21 -> c:35                     
                                                                                                                  
result                6 (5:FALSE)      --              FALSE  ../Filter.h,l:33,c:15 -> f:../Filter.cpp,l:40,c:10  
                                                                                                                  
color                 6 (5:FALSE)      --              FALSE  ../Filter.cpp,l:55,c:19 -> l:39,c:3                 
                                                                                                                  
box                   6 (5:FALSE)      --              FALSE  ../Filter.h,l:31,c:16 -> f:../Filter.cpp,l:39,c:3   
                                                                                                                  
data_buffer           6 (5:FALSE)      --              FALSE  ../Filter.h,l:30,c:16 -> f:../Filter.cpp,l:39,c:3   
                                                                                                                  
                      6 (5:FALSE)      --              FALSE  f:../Filter.cpp,l:69,c:17                           
                                                                                                                  
                      6 (5:FALSE)      --              FALSE  f:../Filter.cpp,l:69,c:19                           
                                                                                                                  
u                     7 (5:TRUE)       --              FALSE  ../Filter.cpp,l:44,c:22 -> c:24                     
                                                                                                                  
result                7 (5:TRUE)       --              FALSE  ../Filter.h,l:33,c:15 -> f:../Filter.cpp,l:40,c:10  
                                                                                                                  
u                     8 (6:FALSE)      --              FALSE  ../Filter.cpp,l:44,c:22 -> c:36                     
                                                                                                                  
color                 8 (6:FALSE)      --              FALSE  ../Filter.cpp,l:55,c:19 -> l:56,c:10                
                                                                                                                  
box                   8 (6:FALSE)      --              FALSE  ../Filter.h,l:31,c:16 -> f:../Filter.cpp,l:44,c:4   
                                                                                                                  
i_rgb.m_busy_req_0.g  9 (7:FALSE)      --              FALSE  @(f:../Filter.h,l:18,c:37->f:/usr/cadtool/cadence/  
                                                                                                                  
i_rgb                 11 (9:TRUE)      --              FALSE  ../Filter.h,l:18,c:37                               
                                                                                                                  
do_filter::get        11 (9:TRUE)      --              FALSE  ../Filter.cpp,l:29,c:14 mapped                      
                                                                                                                  
                      11 (9:TRUE)      --              FALSE  f:../Filter.cpp,l:62,c:15                           
                                                                                                                  
                      11 (9:TRUE)      --              FALSE  f:../Filter.cpp,l:62,c:17                           
                                                                                                                  
                      12 (10:FALSE)    --              FALSE  f:../Filter.cpp,l:44,c:34                           
                                                                                                                  
i_rgb.data.get::nb_g  12 (10:FALSE)    --              FALSE  @(f:../Filter.h,l:18,c:37->f:/usr/cadtool/cadence/  
                                                                                                                  
i_rgb.m_busy_req_0.g  12 (10:FALSE)    --              FALSE  @(f:../Filter.h,l:18,c:37->f:/usr/cadtool/cadence/  
                                                                                                                  
operator[]            12 (10:FALSE)    --              FALSE  ../Filter.cpp,l:59,c:12                             
                                                                                                                  
color                 13 (11:TRUE)     --              FALSE  ../Filter.cpp,l:55,c:19 -> l:56,c:10                
                                                                                                                  
color                 14 (12:TRUE)     --              FALSE  ../Filter.cpp,l:55,c:19 -> l:57,c:10                
                                                                                                                  
i                     15 (12:TRUE)     --              FALSE  ../Filter.cpp,l:60,c:24                             
                                                                                                                  
k                     15 (12:TRUE)     --              FALSE  ../Filter.cpp,l:65,c:24                             
                                                                                                                  
color                 15 (12:TRUE)     --              FALSE  ../Filter.cpp,l:55,c:19 -> l:58,c:10                
                                                                                                                  
i                     19 (15:FALSE)    --              FALSE  ../Filter.cpp,l:66,c:25 -> c:27                     
                                                                                                                  
color                 19 (15:FALSE)    --              FALSE  ../Filter.cpp,l:55,c:19 -> l:65,c:6                 
                                                                                                                  
k                     19 (15:FALSE)    --              FALSE  ../Filter.cpp,l:65,c:24 -> c:40                     
                                                                                                                  
box                   19 (15:FALSE)    --              FALSE  ../Filter.h,l:31,c:16 -> f:../Filter.cpp,l:65,c:6   
                                                                                                                  
data_buffer           19 (15:FALSE)    --              FALSE  ../Filter.h,l:30,c:16 -> f:../Filter.cpp,l:65,c:6   
                                                                                                                  
                      19 (15:FALSE)    --              FALSE  f:../Filter.cpp,l:67,c:15                           
                                                                                                                  
                      19 (15:FALSE)    --              FALSE  f:../Filter.cpp,l:73,c:43                           
                                                                                                                  
color                 18 (21:FALSE)    --              FALSE  ../Filter.cpp,l:55,c:19 -> l:62,c:28                
                                                                                                                  
i                     18 (21:FALSE)    --              FALSE  ../Filter.cpp,l:60,c:24 -> c:41                     
                                                                                                                  
box                   18 (21:FALSE)    --              FALSE  ../Filter.h,l:31,c:16 -> f:../Filter.cpp,l:62,c:13  
                                                                                                                  
                      18 (21:FALSE)    --              FALSE  f:../Filter.cpp,l:62,c:13                           
                                                                                                                  
                      20 (16:FALSE)    --              FALSE  f:../Filter.cpp,l:43,c:33                           
                                                                                                                  
color                 20 (16:FALSE)    --              FALSE  ../Filter.cpp,l:55,c:19 -> l:69,c:30                
                                                                                                                  
i                     20 (16:FALSE)    --              FALSE  ../Filter.cpp,l:66,c:25 -> c:42                     
                                                                                                                  
box                   20 (16:FALSE)    --              FALSE  ../Filter.h,l:31,c:16 -> f:../Filter.cpp,l:73,c:15  
                                                                                                                  
data_buffer           20 (16:FALSE)    --              FALSE  ../Filter.h,l:30,c:16 -> f:../Filter.cpp,l:73,c:39  
                                                                                                                  
                      20 (16:FALSE)    --              FALSE  f:../Filter.cpp,l:69,c:15                           
                                                                                                                  
                      21 (21:TRUE)     --              FALSE  f:../Filter.cpp,l:62,c:13                           
                                                                                                                  
color                 21 (21:TRUE)     --              FALSE  ../Filter.cpp,l:55,c:19 -> l:62,c:28                
                                                                                                                  
                      22 (16:TRUE)     --              FALSE  f:../Filter.cpp,l:73,c:17                           
                                                                                                                  
                      22 (16:TRUE)     --              FALSE  f:../Filter.cpp,l:67,c:15                           
                                                                                                                  
                      22 (16:TRUE)     --              FALSE  f:../Filter.cpp,l:67,c:15                           
                                                                                                                  
                      22 (16:TRUE)     --              FALSE  f:../Filter.cpp,l:69,c:15                           
                                                                                                                  
                      22 (16:TRUE)     --              FALSE  f:../Filter.cpp,l:73,c:19                           
                                                                                                                  
color                 22 (16:TRUE)     --              FALSE  ../Filter.cpp,l:55,c:19 -> l:69,c:30                
                                                                                                                  
                      23 (21:TRUE)     --              FALSE  f:../Filter.cpp,l:60,c:39                           
                                                                                                                  
box                   23 (21:TRUE)     --              FALSE  ../Filter.h,l:31,c:16 -> f:../Filter.cpp,l:62,c:13  
                                                                                                                  
k                     24 (16:TRUE)     --              FALSE  ../Filter.cpp,l:65,c:24 -> l:67,c:12                
                                                                                                                  
                      24 (16:TRUE)     --              FALSE  f:../Filter.cpp,l:73,c:39                           
                                                                                                                  
                      24 (16:TRUE)     --              FALSE  f:../Filter.cpp,l:73,c:39                           
                                                                                                                  
box                   24 (16:TRUE)     --              FALSE  ../Filter.h,l:31,c:16 -> f:../Filter.cpp,l:69,c:15  
                                                                                                                  
                      26 (23:FALSE)    --              FALSE  f:../Filter.cpp,l:44,c:30                           
                                                                                                                  
                      27 (16:TRUE)     --              FALSE  f:../Filter.cpp,l:65,c:38                           
                                                                                                                  
k                     27 (16:TRUE)     --              FALSE  ../Filter.cpp,l:65,c:24 -> l:67,c:12                
                                                                                                                  
k                     27 (16:TRUE)     --              FALSE  ../Filter.cpp,l:65,c:24 -> l:67,c:12                
                                                                                                                  
                      27 (16:TRUE)     --              FALSE  f:../Filter.cpp,l:73,c:15                           
                                                                                                                  
                      27 (16:TRUE)     --              FALSE  f:../Filter.cpp,l:73,c:15                           
                                                                                                                  
data_buffer           27 (16:TRUE)     --              FALSE  ../Filter.h,l:30,c:16 -> f:../Filter.cpp,l:73,c:39  
                                                                                                                  
                      30 (16:TRUE)     --              FALSE  f:../Filter.cpp,l:66,c:40                           
                                                                                                                  
box                   30 (16:TRUE)     --              FALSE  ../Filter.h,l:31,c:16 -> f:../Filter.cpp,l:73,c:15  
                                                                                                                  
i                     30 (16:TRUE)     --              FALSE  ../Filter.cpp,l:84,c:21 -> c:23                     
                                                                                                                  
                      33 (18:FALSE)    --              FALSE  f:../Filter.cpp,l:65,c:33                           
                                                                                                                  
                      38 (26:FALSE)    --              FALSE  f:../Filter.cpp,l:43,c:29                           
                                                                                                                  
box                   41 (29:FALSE)    --              FALSE  ../Filter.h,l:31,c:16 -> f:../Filter.cpp,l:91,c:30  
                                                                                                                  
data_buffer           41 (29:FALSE)    --              FALSE  ../Filter.h,l:30,c:16 -> f:../Filter.cpp,l:91,c:18  
                                                                                                                  
i                     41 (29:FALSE)    --              FALSE  ../Filter.cpp,l:84,c:21 -> c:38                     
                                                                                                                  
                      41 (29:FALSE)    --              FALSE  f:../Filter.cpp,l:86,c:30                           
                                                                                                                  
                      41 (29:FALSE)    --              FALSE  f:../Filter.cpp,l:86,c:30                           
                                                                                                                  
                      42 (29:TRUE)     --              FALSE  f:../Filter.cpp,l:87,c:30                           
                                                                                                                  
                      42 (29:TRUE)     --              FALSE  f:../Filter.cpp,l:87,c:30                           
                                                                                                                  
                      43 (29:TRUE)     --              FALSE  f:../Filter.cpp,l:88,c:30                           
                                                                                                                  
                      43 (29:TRUE)     --              FALSE  f:../Filter.cpp,l:88,c:30                           
                                                                                                                  
                      44 (29:TRUE)     --              FALSE  f:../Filter.cpp,l:89,c:30                           
                                                                                                                  
                      44 (29:TRUE)     --              FALSE  f:../Filter.cpp,l:89,c:30                           
                                                                                                                  
                      45 (29:TRUE)     --              FALSE  f:../Filter.cpp,l:90,c:30                           
                                                                                                                  
                      45 (29:TRUE)     --              FALSE  f:../Filter.cpp,l:90,c:30                           
                                                                                                                  
                      46 (29:TRUE)     --              FALSE  f:../Filter.cpp,l:91,c:30                           
                                                                                                                  
                      46 (29:TRUE)     --              FALSE  f:../Filter.cpp,l:91,c:30                           
                                                                                                                  
box                   47 (29:TRUE)     --              FALSE  ../Filter.h,l:31,c:16 -> f:../Filter.cpp,l:86,c:30  
                                                                                                                  
                      47 (29:TRUE)     --              FALSE  f:../Filter.cpp,l:86,c:18                           
                                                                                                                  
box                   48 (29:TRUE)     --              FALSE  ../Filter.h,l:31,c:16 -> f:../Filter.cpp,l:87,c:30  
                                                                                                                  
                      48 (29:TRUE)     --              FALSE  f:../Filter.cpp,l:87,c:18                           
                                                                                                                  
data_buffer           48 (29:TRUE)     --              FALSE  ../Filter.h,l:30,c:16 -> f:../Filter.cpp,l:86,c:18  
                                                                                                                  
                      48 (29:TRUE)     --              FALSE  f:../Filter.cpp,l:87,c:18                           
                                                                                                                  
box                   49 (29:TRUE)     --              FALSE  ../Filter.h,l:31,c:16 -> f:../Filter.cpp,l:88,c:30  
                                                                                                                  
                      49 (29:TRUE)     --              FALSE  f:../Filter.cpp,l:88,c:18                           
                                                                                                                  
data_buffer           49 (29:TRUE)     --              FALSE  ../Filter.h,l:30,c:16 -> f:../Filter.cpp,l:87,c:18  
                                                                                                                  
                      49 (29:TRUE)     --              FALSE  f:../Filter.cpp,l:88,c:18                           
                                                                                                                  
box                   50 (29:TRUE)     --              FALSE  ../Filter.h,l:31,c:16 -> f:../Filter.cpp,l:89,c:30  
                                                                                                                  
                      50 (29:TRUE)     --              FALSE  f:../Filter.cpp,l:89,c:18                           
                                                                                                                  
data_buffer           50 (29:TRUE)     --              FALSE  ../Filter.h,l:30,c:16 -> f:../Filter.cpp,l:88,c:18  
                                                                                                                  
                      50 (29:TRUE)     --              FALSE  f:../Filter.cpp,l:89,c:18                           
                                                                                                                  
box                   51 (29:TRUE)     --              FALSE  ../Filter.h,l:31,c:16 -> f:../Filter.cpp,l:90,c:30  
                                                                                                                  
                      51 (29:TRUE)     --              FALSE  f:../Filter.cpp,l:90,c:18                           
                                                                                                                  
data_buffer           51 (29:TRUE)     --              FALSE  ../Filter.h,l:30,c:16 -> f:../Filter.cpp,l:89,c:18  
                                                                                                                  
                      51 (29:TRUE)     --              FALSE  f:../Filter.cpp,l:90,c:18                           
                                                                                                                  
box                   52 (29:TRUE)     --              FALSE  ../Filter.h,l:31,c:16 -> f:../Filter.cpp,l:91,c:30  
                                                                                                                  
                      52 (29:TRUE)     --              FALSE  f:../Filter.cpp,l:91,c:18                           
                                                                                                                  
data_buffer           52 (29:TRUE)     --              FALSE  ../Filter.h,l:30,c:16 -> f:../Filter.cpp,l:90,c:18  
                                                                                                                  
                      52 (29:TRUE)     --              FALSE  f:../Filter.cpp,l:91,c:18                           
                                                                                                                  
                      53 (29:TRUE)     --              FALSE  f:../Filter.cpp,l:84,c:36                           
                                                                                                                  
data_buffer           53 (29:TRUE)     --              FALSE  ../Filter.h,l:30,c:16 -> f:../Filter.cpp,l:91,c:18  
                                                                                                                  
i                     53 (29:TRUE)     --              FALSE  ../Filter.cpp,l:95,c:21 -> c:23                     
                                                                                                                  
box                   56 (32:FALSE)    --              FALSE  ../Filter.h,l:31,c:16 -> f:../Filter.cpp,l:98,c:17  
                                                                                                                  
i                     56 (32:FALSE)    --              FALSE  ../Filter.cpp,l:95,c:21 -> c:37                     
                                                                                                                  
center                56 (32:FALSE)    --              FALSE  ../Filter.h,l:32,c:16 -> f:../Filter.cpp,l:97,c:10  
                                                                                                                  
f:../Filter.cpp,l:98  56 (32:FALSE)    --              FALSE  & l:97,c:22                                         
                                                                                                                  
f:../Filter.cpp,l:98  56 (32:FALSE)    --              FALSE  & l:97,c:22                                         
                                                                                                                  
                      57 (32:TRUE)     --              FALSE  f:../Filter.cpp,l:98,c:17                           
                                                                                                                  
                      57 (32:TRUE)     --              FALSE  f:../Filter.cpp,l:98,c:17                           
                                                                                                                  
box                   57 (32:TRUE)     --              FALSE  ../Filter.h,l:31,c:16                               
                                                                                                                  
                      58 (32:TRUE)     --              FALSE  f:../Filter.cpp,l:98,c:17                           
                                                                                                                  
                      58 (32:TRUE)     --              FALSE  f:../Filter.cpp,l:98,c:17                           
                                                                                                                  
box                   58 (32:TRUE)     --              FALSE  ../Filter.h,l:31,c:16 -> f:../Filter.cpp,l:98,c:17  
                                                                                                                  
center                58 (32:TRUE)     --              FALSE  ../Filter.h,l:32,c:16 -> f:../Filter.cpp,l:97,c:10  
                                                                                                                  
                      59 (32:TRUE)     --              FALSE  f:../Filter.cpp,l:98,c:17                           
                                                                                                                  
                      59 (32:TRUE)     --              FALSE  f:../Filter.cpp,l:98,c:17                           
                                                                                                                  
box                   59 (32:TRUE)     --              FALSE  ../Filter.h,l:31,c:16 -> f:../Filter.cpp,l:98,c:17  
                                                                                                                  
                      60 (32:TRUE)     --              FALSE  f:../Filter.cpp,l:98,c:17                           
                                                                                                                  
                      60 (32:TRUE)     --              FALSE  f:../Filter.cpp,l:98,c:17                           
                                                                                                                  
box                   60 (32:TRUE)     --              FALSE  ../Filter.h,l:31,c:16 -> f:../Filter.cpp,l:98,c:17  
                                                                                                                  
                      60 (32:TRUE)     --              FALSE  f:../Filter.cpp,l:98,c:4                            
                                                                                                                  
                      60 (32:TRUE)     --              FALSE  f:../Filter.cpp,l:98,c:4                            
                                                                                                                  
                      60 (32:TRUE)     --              FALSE  f:../Filter.cpp,l:98,c:4                            
                                                                                                                  
                      61 (32:TRUE)     --              FALSE  f:../Filter.cpp,l:98,c:17                           
                                                                                                                  
                      61 (32:TRUE)     --              FALSE  f:../Filter.cpp,l:98,c:17                           
                                                                                                                  
box                   61 (32:TRUE)     --              FALSE  ../Filter.h,l:31,c:16 -> f:../Filter.cpp,l:98,c:17  
                                                                                                                  
                      61 (32:TRUE)     --              FALSE  f:../Filter.cpp,l:98,c:4                            
                                                                                                                  
                      61 (32:TRUE)     --              FALSE  f:../Filter.cpp,l:98,c:4                            
                                                                                                                  
                      61 (32:TRUE)     --              FALSE  f:../Filter.cpp,l:98,c:4                            
                                                                                                                  
                      62 (32:TRUE)     --              FALSE  f:../Filter.cpp,l:98,c:17                           
                                                                                                                  
                      62 (32:TRUE)     --              FALSE  f:../Filter.cpp,l:98,c:17                           
                                                                                                                  
box                   62 (32:TRUE)     --              FALSE  ../Filter.h,l:31,c:16 -> f:../Filter.cpp,l:98,c:17  
                                                                                                                  
                      63 (32:TRUE)     --              FALSE  f:../Filter.cpp,l:98,c:17                           
                                                                                                                  
box                   63 (32:TRUE)     --              FALSE  ../Filter.h,l:31,c:16 -> f:../Filter.cpp,l:98,c:17  
                                                                                                                  
                      63 (32:TRUE)     --              FALSE  f:../Filter.cpp,l:98,c:4                            
                                                                                                                  
                      63 (32:TRUE)     --              FALSE  f:../Filter.cpp,l:98,c:4                            
                                                                                                                  
                      63 (32:TRUE)     --              FALSE  f:../Filter.cpp,l:98,c:4                            
                                                                                                                  
                      63 (32:TRUE)     --              FALSE  f:../Filter.cpp,l:98,c:4                            
                                                                                                                  
                      63 (32:TRUE)     --              FALSE  f:../Filter.cpp,l:98,c:4                            
                                                                                                                  
                      63 (32:TRUE)     --              FALSE  f:../Filter.cpp,l:98,c:4                            
                                                                                                                  
                      63 (32:TRUE)     --              FALSE  f:../Filter.cpp,l:98,c:4                            
                                                                                                                  
                      63 (32:TRUE)     --              FALSE  f:../Filter.cpp,l:98,c:4                            
                                                                                                                  
                      63 (32:TRUE)     --              FALSE  f:../Filter.cpp,l:98,c:4                            
                                                                                                                  
                      63 (32:TRUE)     --              FALSE  f:../Filter.cpp,l:98,c:4                            
                                                                                                                  
                      63 (32:TRUE)     --              FALSE  f:../Filter.cpp,l:98,c:4                            
                                                                                                                  
                      63 (32:TRUE)     --              FALSE  f:../Filter.cpp,l:98,c:4                            
                                                                                                                  
box                   64 (32:TRUE)     --              FALSE  ../Filter.h,l:31,c:16 -> f:../Filter.cpp,l:98,c:17  
                                                                                                                  
                      64 (32:TRUE)     --              FALSE  f:../Filter.cpp,l:98,c:4                            
                                                                                                                  
                      64 (32:TRUE)     --              FALSE  f:../Filter.cpp,l:98,c:4                            
                                                                                                                  
                      64 (32:TRUE)     --              FALSE  f:../Filter.cpp,l:98,c:4                            
                                                                                                                  
                      64 (32:TRUE)     --              FALSE  f:../Filter.cpp,l:98,c:4                            
                                                                                                                  
                      64 (32:TRUE)     --              FALSE  f:../Filter.cpp,l:98,c:4                            
                                                                                                                  
                      64 (32:TRUE)     --              FALSE  f:../Filter.cpp,l:98,c:4                            
                                                                                                                  
                      64 (32:TRUE)     --              FALSE  f:../Filter.cpp,l:98,c:4                            
                                                                                                                  
                      64 (32:TRUE)     --              FALSE  f:../Filter.cpp,l:98,c:4                            
                                                                                                                  
                      64 (32:TRUE)     --              FALSE  f:../Filter.cpp,l:98,c:4                            
                                                                                                                  
                      64 (32:TRUE)     --              FALSE  f:../Filter.cpp,l:98,c:4                            
                                                                                                                  
                      64 (32:TRUE)     --              FALSE  f:../Filter.cpp,l:98,c:4                            
                                                                                                                  
                      64 (32:TRUE)     --              FALSE  f:../Filter.cpp,l:98,c:4                            
                                                                                                                  
                      64 (32:TRUE)     --              FALSE  f:../Filter.cpp,l:98,c:4                            
                                                                                                                  
                      64 (32:TRUE)     --              FALSE  f:../Filter.cpp,l:98,c:4                            
                                                                                                                  
                      64 (32:TRUE)     --              FALSE  f:../Filter.cpp,l:98,c:4                            
                                                                                                                  
                      64 (32:TRUE)     --              FALSE  f:../Filter.cpp,l:98,c:4                            
                                                                                                                  
                      64 (32:TRUE)     --              FALSE  f:../Filter.cpp,l:98,c:17                           
                                                                                                                  
                      64 (32:TRUE)     --              FALSE  f:../Filter.cpp,l:98,c:4                            
                                                                                                                  
                      64 (32:TRUE)     --              FALSE  f:../Filter.cpp,l:98,c:4                            
                                                                                                                  
                      64 (32:TRUE)     --              FALSE  f:../Filter.cpp,l:98,c:4                            
                                                                                                                  
                      64 (32:TRUE)     --              FALSE  f:../Filter.cpp,l:98,c:4                            
                                                                                                                  
                      64 (32:TRUE)     --              FALSE  f:../Filter.cpp,l:98,c:17                           
                                                                                                                  
                      64 (32:TRUE)     --              FALSE  f:../Filter.cpp,l:98,c:4                            
                                                                                                                  
                      64 (32:TRUE)     --              FALSE  f:../Filter.cpp,l:98,c:4                            
                                                                                                                  
                      64 (32:TRUE)     --              FALSE  f:../Filter.cpp,l:98,c:4                            
                                                                                                                  
                      64 (32:TRUE)     --              FALSE  f:../Filter.cpp,l:98,c:4                            
                                                                                                                  
                      64 (32:TRUE)     --              FALSE  f:../Filter.cpp,l:98,c:4                            
                                                                                                                  
                      64 (32:TRUE)     --              FALSE  f:../Filter.cpp,l:98,c:4                            
                                                                                                                  
                      64 (32:TRUE)     --              FALSE  f:../Filter.cpp,l:98,c:4                            
                                                                                                                  
                      64 (32:TRUE)     --              FALSE  f:../Filter.cpp,l:98,c:4                            
                                                                                                                  
                      64 (32:TRUE)     --              FALSE  f:../Filter.cpp,l:98,c:4                            
                                                                                                                  
                      64 (32:TRUE)     --              FALSE  f:../Filter.cpp,l:98,c:4                            
                                                                                                                  
                      64 (32:TRUE)     --              FALSE  f:../Filter.cpp,l:98,c:4                            
                                                                                                                  
                      64 (32:TRUE)     --              FALSE  f:../Filter.cpp,l:98,c:4                            
                                                                                                                  
                      64 (32:TRUE)     --              FALSE  f:../Filter.cpp,l:98,c:4                            
                                                                                                                  
                      64 (32:TRUE)     --              FALSE  f:../Filter.cpp,l:98,c:4                            
                                                                                                                  
                      64 (32:TRUE)     --              FALSE  f:../Filter.cpp,l:98,c:4                            
                                                                                                                  
                      64 (32:TRUE)     --              FALSE  f:../Filter.cpp,l:98,c:4                            
                                                                                                                  
                      64 (32:TRUE)     --              FALSE  f:../Filter.cpp,l:98,c:4                            
                                                                                                                  
                      64 (32:TRUE)     --              FALSE  f:../Filter.cpp,l:98,c:4                            
                                                                                                                  
                      64 (32:TRUE)     --              FALSE  f:../Filter.cpp,l:98,c:4                            
                                                                                                                  
                      64 (32:TRUE)     --              FALSE  f:../Filter.cpp,l:98,c:4                            
                                                                                                                  
                      64 (32:TRUE)     --              FALSE  f:../Filter.cpp,l:98,c:4                            
                                                                                                                  
                      64 (32:TRUE)     --              FALSE  f:../Filter.cpp,l:98,c:4                            
                                                                                                                  
box                   65 (32:TRUE)     --              FALSE  ../Filter.h,l:31,c:16 -> f:../Filter.cpp,l:98,c:17  
                                                                                                                  
                      65 (32:TRUE)     --              FALSE  f:../Filter.cpp,l:98,c:4                            
                                                                                                                  
                      65 (32:TRUE)     --              FALSE  f:../Filter.cpp,l:98,c:4                            
                                                                                                                  
                      65 (32:TRUE)     --              FALSE  f:../Filter.cpp,l:98,c:4                            
                                                                                                                  
                      65 (32:TRUE)     --              FALSE  f:../Filter.cpp,l:98,c:4                            
                                                                                                                  
                      65 (32:TRUE)     --              FALSE  f:../Filter.cpp,l:98,c:4                            
                                                                                                                  
                      65 (32:TRUE)     --              FALSE  f:../Filter.cpp,l:98,c:4                            
                                                                                                                  
                      65 (32:TRUE)     --              FALSE  f:../Filter.cpp,l:98,c:17                           
                                                                                                                  
                      65 (32:TRUE)     --              FALSE  f:../Filter.cpp,l:98,c:4                            
                                                                                                                  
                      65 (32:TRUE)     --              FALSE  f:../Filter.cpp,l:98,c:4                            
                                                                                                                  
                      65 (32:TRUE)     --              FALSE  f:../Filter.cpp,l:98,c:4                            
                                                                                                                  
                      65 (32:TRUE)     --              FALSE  f:../Filter.cpp,l:98,c:4                            
                                                                                                                  
                      65 (32:TRUE)     --              FALSE  f:../Filter.cpp,l:98,c:4                            
                                                                                                                  
                      65 (32:TRUE)     --              FALSE  f:../Filter.cpp,l:98,c:4                            
                                                                                                                  
                      65 (32:TRUE)     --              FALSE  f:../Filter.cpp,l:98,c:4                            
                                                                                                                  
                      65 (32:TRUE)     --              FALSE  f:../Filter.cpp,l:98,c:4                            
                                                                                                                  
                      65 (32:TRUE)     --              FALSE  f:../Filter.cpp,l:98,c:4                            
                                                                                                                  
                      65 (32:TRUE)     --              FALSE  f:../Filter.cpp,l:98,c:4                            
                                                                                                                  
                      65 (32:TRUE)     --              FALSE  f:../Filter.cpp,l:98,c:4                            
                                                                                                                  
                      65 (32:TRUE)     --              FALSE  f:../Filter.cpp,l:98,c:4                            
                                                                                                                  
                      65 (32:TRUE)     --              FALSE  f:../Filter.cpp,l:98,c:4                            
                                                                                                                  
                      65 (32:TRUE)     --              FALSE  f:../Filter.cpp,l:98,c:4                            
                                                                                                                  
                      65 (32:TRUE)     --              FALSE  f:../Filter.cpp,l:98,c:4                            
                                                                                                                  
                      65 (32:TRUE)     --              FALSE  f:../Filter.cpp,l:98,c:4                            
                                                                                                                  
                      65 (32:TRUE)     --              FALSE  f:../Filter.cpp,l:98,c:4                            
                                                                                                                  
                      65 (32:TRUE)     --              FALSE  f:../Filter.cpp,l:98,c:4                            
                                                                                                                  
                      66 (32:TRUE)     --              FALSE  f:../Filter.cpp,l:98,c:17                           
                                                                                                                  
box                   66 (32:TRUE)     --              FALSE  ../Filter.h,l:31,c:16 -> f:../Filter.cpp,l:98,c:17  
                                                                                                                  
                      66 (32:TRUE)     --              FALSE  f:../Filter.cpp,l:98,c:17                           
                                                                                                                  
                      67 (32:TRUE)     --              FALSE  f:../Filter.cpp,l:98,c:17                           
                                                                                                                  
box                   67 (32:TRUE)     --              FALSE  ../Filter.h,l:31,c:16 -> f:../Filter.cpp,l:98,c:17  
                                                                                                                  
                      67 (32:TRUE)     --              FALSE  f:../Filter.cpp,l:98,c:17                           
                                                                                                                  
                      68 (32:TRUE)     --              FALSE  f:../Filter.cpp,l:98,c:17                           
                                                                                                                  
box                   68 (32:TRUE)     --              FALSE  ../Filter.h,l:31,c:16 -> f:../Filter.cpp,l:98,c:17  
                                                                                                                  
                      68 (32:TRUE)     --              FALSE  f:../Filter.cpp,l:98,c:17                           
                                                                                                                  
f:../Filter.cpp,l:98  69 (32:TRUE)     --              FALSE  & l:97,c:22                                         
                                                                                                                  
box                   69 (32:TRUE)     --              FALSE  ../Filter.h,l:31,c:16 -> f:../Filter.cpp,l:98,c:17  
                                                                                                                  
f:../Filter.cpp,l:98  69 (32:TRUE)     --              FALSE  & l:97,c:22                                         
                                                                                                                  
                      70 (32:TRUE)     --              FALSE  f:../Filter.cpp,l:98,c:17                           
                                                                                                                  
box                   70 (32:TRUE)     --              FALSE  ../Filter.h,l:31,c:16                               
                                                                                                                  
                      70 (32:TRUE)     --              FALSE  f:../Filter.cpp,l:98,c:17                           
                                                                                                                  
                      71 (32:TRUE)     --              FALSE  f:../Filter.cpp,l:98,c:17                           
                                                                                                                  
box                   71 (32:TRUE)     --              FALSE  ../Filter.h,l:31,c:16 -> f:../Filter.cpp,l:98,c:17  
                                                                                                                  
                      71 (32:TRUE)     --              FALSE  f:../Filter.cpp,l:98,c:17                           
                                                                                                                  
                      72 (32:TRUE)     --              FALSE  f:../Filter.cpp,l:98,c:17                           
                                                                                                                  
box                   72 (32:TRUE)     --              FALSE  ../Filter.h,l:31,c:16 -> f:../Filter.cpp,l:98,c:17  
                                                                                                                  
                      72 (32:TRUE)     --              FALSE  f:../Filter.cpp,l:98,c:17                           
                                                                                                                  
                      73 (32:TRUE)     --              FALSE  f:../Filter.cpp,l:95,c:35                           
                                                                                                                  
                      73 (32:TRUE)     --              FALSE  f:../Filter.cpp,l:98,c:17                           
                                                                                                                  
box                   73 (32:TRUE)     --              FALSE  ../Filter.h,l:31,c:16 -> f:../Filter.cpp,l:98,c:17  
                                                                                                                  
                      73 (32:TRUE)     --              FALSE  f:../Filter.cpp,l:98,c:17                           
                                                                                                                  
                      74 (32:TRUE)     --              FALSE  f:../Filter.cpp,l:95,c:30                           
                                                                                                                  
box                   74 (32:TRUE)     --              FALSE  ../Filter.h,l:31,c:16 -> f:../Filter.cpp,l:98,c:17  
                                                                                                                  
i                     74 (32:TRUE)     --              FALSE  ../Filter.cpp,l:102,c:21 -> c:23                    
                                                                                                                  
result                77 (35:FALSE)    --              FALSE  ../Filter.h,l:33,c:15                               
                                                                                                                  
box                   77 (35:FALSE)    --              FALSE  ../Filter.h,l:31,c:16 -> f:../Filter.cpp,l:102,c:3  
                                                                                                                  
center                77 (35:FALSE)    --              FALSE  ../Filter.h,l:32,c:16                               
                                                                                                                  
i                     77 (35:FALSE)    --              FALSE  ../Filter.cpp,l:102,c:21 -> c:37                    
                                                                                                                  
                      77 (35:FALSE)    --              FALSE  f:../Filter.cpp,l:106,c:27                          
                                                                                                                  
                      77 (35:FALSE)    --              FALSE  f:../Filter.cpp,l:106,c:27                          
                                                                                                                  
j                     78 (35:TRUE)     --              FALSE  ../Filter.cpp,l:103,c:22 -> c:24                    
                                                                                                                  
result                78 (35:TRUE)     --              FALSE  ../Filter.h,l:33,c:15                               
                                                                                                                  
center                78 (35:TRUE)     --              FALSE  ../Filter.h,l:32,c:16                               
                                                                                                                  
                      79 (36:FALSE)    --              FALSE  f:../Filter.cpp,l:108,c:25                          
                                                                                                                  
box                   79 (36:FALSE)    --              FALSE  ../Filter.h,l:31,c:16                               
                                                                                                                  
j                     79 (36:FALSE)    --              FALSE  ../Filter.cpp,l:103,c:22 -> c:38                    
                                                                                                                  
[f:../Filter.cpp,l:1  79 (36:FALSE)    --              FALSE  l:106,c:12] -> l:105,c:5                            
                                                                                                                  
                      79 (36:FALSE)    --              FALSE  f:../Filter.cpp,l:105,c:14                          
                                                                                                                  
j                     79 (36:FALSE)    --              FALSE  ../Filter.cpp,l:103,c:22 -> l:105,c:9               
                                                                                                                  
                      79 (36:FALSE)    --              FALSE  f:../Filter.cpp,l:108,c:25                          
                                                                                                                  
j                     80 (36:TRUE)     --              FALSE  ../Filter.cpp,l:103,c:22 -> l:105,c:9               
                                                                                                                  
box                   80 (36:TRUE)     --              FALSE  ../Filter.h,l:31,c:16                               
                                                                                                                  
box                   80 (36:TRUE)     --              FALSE  ../Filter.h,l:31,c:16                               
                                                                                                                  
                      80 (36:TRUE)     --              FALSE  f:../Filter.cpp,l:103,c:36                          
                                                                                                                  
f:../Filter.cpp,l:10  80 (36:TRUE)     --              FALSE  & l:106,c:12 & l:105,c:5                            
                                                                                                                  
                      81 (36:TRUE)     --              FALSE  f:../Filter.cpp,l:103,c:31                          
                                                                                                                  
                      81 (36:TRUE)     --              FALSE  f:../Filter.cpp,l:108,c:16                          
                                                                                                                  
                      81 (36:TRUE)     --              FALSE  f:../Filter.cpp,l:112,c:26                          
                                                                                                                  
                      84 (38:TRUE)     --              FALSE  f:../Filter.cpp,l:102,c:35                          
                                                                                                                  
                      84 (38:TRUE)     --              FALSE  f:../Filter.cpp,l:113,c:25                          
                                                                                                                  
                      85 (38:TRUE)     --              FALSE  f:../Filter.cpp,l:102,c:30                          
                                                                                                                  
result                85 (38:TRUE)     --              FALSE  ../Filter.h,l:33,c:15                               
                                                                                                                  
result                88 (40:TRUE)     --              FALSE  ../Filter.h,l:33,c:15                               
                                                                                                                  
result                89 (40:TRUE)     --              FALSE  ../Filter.h,l:33,c:15                               
                                                                                                                  
result                90 (40:TRUE)     --              FALSE  ../Filter.h,l:33,c:15                               
                                                                                                                  
total                 90 (40:TRUE)     --              FALSE  ../Filter.cpp,l:116,c:22 -> l:119,c:3               
                                                                                                                  
o_result.data.put::n  91 (41:FALSE)    --              FALSE  @(f:../Filter.h,l:19,c:38->f:/usr/cadtool/cadence/  
                                                                                                                  
o_result              91 (41:FALSE)    --              FALSE  ../Filter.h,l:19,c:38                               
                                                                                                                  
o_result.m_req.m_tri  91 (41:FALSE)    --              FALSE  @(f:../Filter.h,l:19,c:38->f:/usr/cadtool/cadence/  
                                                                                                                  
o_result              93 (43:TRUE)     --              FALSE  ../Filter.h,l:19,c:38                               
                                                                                                                  
do_filter::put        93 (43:TRUE)     --              FALSE  ../Filter.cpp,l:29,c:14 mapped                      
                                                                                                                  
                                                                                                                  
Scheduler report for : o_result_gen_stalling                                                                      
--------------------------------------------                                                                                            
                                                                                                                  
Op                    SID(BB;Clocked)  Pipeline Stage  IS     SRCLOC                                              
--                    ---------------  --------------  --     ------                                              
                                                                                                                  
o_result.vld.o_resul  4 (3:TRUE)       --              FALSE  @(f:../Filter.h,l:19,c:38->f:/usr/cadtool/cadence/  
                                                                                                                  
o_result.busy.o_resu  5 (4:FALSE)      --              FALSE  @(f:../Filter.h,l:19,c:38->f:/usr/cadtool/cadence/  
                                                                                                                  
o_result.gen_stallin  5 (4:FALSE)      --              FALSE  ../Filter.h,l:19,c:38                               
                                                                                                                  
o_result.m_stalling.  5 (4:FALSE)      --              FALSE  @(f:../Filter.h,l:19,c:38->f:/usr/cadtool/cadence/  
                                                                                                                  
                                                                                                                  
Scheduler report for : o_result_gen_unacked_req                                                                   
-----------------------------------------------                                                                                            
                                                                                                                  
Op                    SID(BB;Clocked)  Pipeline Stage  IS     SRCLOC                                              
--                    ---------------  --------------  --     ------                                              
                                                                                                                  
o_result.m_unacked_r  4 (3:FALSE)      --              FALSE  @(f:../Filter.h,l:19,c:38->f:/usr/cadtool/cadence/  
                                                                                                                  
o_result.m_stalling.  8 (7:FALSE)      --              FALSE  @(f:../Filter.h,l:19,c:38->f:/usr/cadtool/cadence/  
                                                                                                                  
o_result.m_unacked_r  8 (7:FALSE)      --              FALSE  @(f:../Filter.h,l:19,c:38->f:/usr/cadtool/cadence/  
                                                                                                                  
                                                                                                                  
Scheduler report for : i_rgb_gen_do_reg_vld                                                                       
-------------------------------------------                                                                                            
                                                                                                                  
Op                    SID(BB;Clocked)  Pipeline Stage  IS     SRCLOC                                              
--                    ---------------  --------------  --     ------                                              
                                                                                                                  
i_rgb.m_vld_reg.i_rg  5 (4:FALSE)      --              FALSE  @(f:../Filter.h,l:18,c:37->f:/usr/cadtool/cadence/  
                                                                                                                  
i_rgb                 7 (6:FALSE)      --              FALSE  ../Filter.h,l:18,c:37                               
                                                                                                                  
i_rgb.m_vld_reg.i_rg  8 (7:TRUE)       --              FALSE  @(f:../Filter.h,l:18,c:37->f:/usr/cadtool/cadence/  
                                                                                                                  
i_rgb.m_busy_interna  9 (8:FALSE)      --              FALSE  @(f:../Filter.h,l:18,c:37->f:/usr/cadtool/cadence/  
                                                                                                                  
i_rgb.vld.i_rgb.gen_  9 (8:FALSE)      --              FALSE  @(f:../Filter.h,l:18,c:37->f:/usr/cadtool/cadence/  
                                                                                                                  
i_rgb.gen_do_reg_vld  9 (8:FALSE)      --              FALSE  ../Filter.h,l:18,c:37                               
                                                                                                                  
i_rgb.m_vld_reg.i_rg  9 (8:FALSE)      --              FALSE  @(f:../Filter.h,l:18,c:37->f:/usr/cadtool/cadence/  
                                                                                                                  
                                                                                                                  
Scheduler report for : i_rgb_gen_busy                                                                             
-------------------------------------                                                                                            
                                                                                                                  
Op                    SID(BB;Clocked)  Pipeline Stage  IS     SRCLOC                                              
--                    ---------------  --------------  --     ------                                              
                                                                                                                  
i_rgb.vld.i_rgb.gen_  4 (3:TRUE)       --              FALSE  @(f:../Filter.h,l:18,c:37->f:/usr/cadtool/cadence/  
                                                                                                                  
i_rgb.m_unvalidated_  6 (5:FALSE)      --              FALSE  @(f:../Filter.h,l:18,c:37->f:/usr/cadtool/cadence/  
                                                                                                                  
i_rgb.m_busy_req_0.i  6 (5:FALSE)      --              FALSE  @(f:../Filter.h,l:18,c:37->f:/usr/cadtool/cadence/  
                                                                                                                  
i_rgb.m_data_is_inva  6 (5:FALSE)      --              FALSE  @(f:../Filter.h,l:18,c:37->f:/usr/cadtool/cadence/  
                                                                                                                  
i_rgb.gen_busy        6 (5:FALSE)      --              FALSE  ../Filter.h,l:18,c:37                               
                                                                                                                  
i_rgb.gen_busy        6 (5:FALSE)      --              FALSE  ../Filter.h,l:18,c:37                               
                                                                                                                  
i_rgb.m_data_is_inva  6 (5:FALSE)      --              FALSE  @(f:../Filter.h,l:18,c:37->f:/usr/cadtool/cadence/  
                                                                                                                  
i_rgb.m_busy_interna  7 (6:FALSE)      --              FALSE  @(f:../Filter.h,l:18,c:37->f:/usr/cadtool/cadence/  
                                                                                                                  
i_rgb.busy.i_rgb.gen  7 (6:FALSE)      --              FALSE  @(f:../Filter.h,l:18,c:37->f:/usr/cadtool/cadence/  
                                                                                                                  
i_rgb.m_data_is_vali  7 (6:FALSE)      --              FALSE  @(f:../Filter.h,l:18,c:37->f:/usr/cadtool/cadence/  
                                                                                                                  
i_rgb.m_data_is_inva  7 (6:FALSE)      --              FALSE  @(f:../Filter.h,l:18,c:37->f:/usr/cadtool/cadence/  
                                                                                                                  
                                                                                                                  
