Scheduler report for : o_result_m_req_gen_prev_trig_reg                                                           
-------------------------------------------------------                                                                                            
                                                                                                                  
Op                    SID(BB;Clocked)  Pipeline Stage  IS     SRCLOC                                              
--                    ---------------  --------------  --     ------                                              
                                                                                                                  
o_result.m_req.m_pre  4 (3:FALSE)      --              FALSE  @(f:../Filter.h,l:19,c:38->f:/usr/cadtool/cadence/  
                                                                                                                  
o_result.m_req.m_tri  8 (7:FALSE)      --              FALSE  @(f:../Filter.h,l:19,c:38->f:/usr/cadtool/cadence/  
                                                                                                                  
o_result.m_req.m_pre  8 (7:FALSE)      --              FALSE  @(f:../Filter.h,l:19,c:38->f:/usr/cadtool/cadence/  
                                                                                                                  
                                                                                                                  
Scheduler report for : o_result_m_req_gen_active                                                                  
------------------------------------------------                                                                                            
                                                                                                                  
Op                    SID(BB;Clocked)  Pipeline Stage  IS     SRCLOC                                              
--                    ---------------  --------------  --     ------                                              
                                                                                                                  
o_result.m_req.m_pre  4 (3:FALSE)      --              FALSE  @(f:../Filter.h,l:19,c:38->f:/usr/cadtool/cadence/  
                                                                                                                  
o_result.m_req.m_tri  4 (3:FALSE)      --              FALSE  @(f:../Filter.h,l:19,c:38->f:/usr/cadtool/cadence/  
                                                                                                                  
o_result.m_req.gen_a  4 (3:FALSE)      --              FALSE  ../Filter.h,l:19,c:38                               
                                                                                                                  
o_result.m_req.activ  4 (3:FALSE)      --              FALSE  @(f:../Filter.h,l:19,c:38->f:/usr/cadtool/cadence/  
                                                                                                                  
                                                                                                                  
Scheduler report for : o_result_gen_vld                                                                           
---------------------------------------                                                                                            
                                                                                                                  
Op                    SID(BB;Clocked)  Pipeline Stage  IS     SRCLOC                                              
--                    ---------------  --------------  --     ------                                              
                                                                                                                  
o_result.m_req_activ  4 (3:FALSE)      --              FALSE  @(f:../Filter.h,l:19,c:38->f:/usr/cadtool/cadence/  
                                                                                                                  
o_result.m_unacked_r  4 (3:FALSE)      --              FALSE  @(f:../Filter.h,l:19,c:38->f:/usr/cadtool/cadence/  
                                                                                                                  
o_result.gen_vld      4 (3:FALSE)      --              FALSE  ../Filter.h,l:19,c:38                               
                                                                                                                  
o_result.vld.o_resul  4 (3:FALSE)      --              FALSE  @(f:../Filter.h,l:19,c:38->f:/usr/cadtool/cadence/  
                                                                                                                  
                                                                                                                  
Scheduler report for : o_result_m_req_gen_next_trig_reg                                                           
-------------------------------------------------------                                                                                            
                                                                                                                  
Op                    SID(BB;Clocked)  Pipeline Stage  IS     SRCLOC                                              
--                    ---------------  --------------  --     ------                                              
                                                                                                                  
o_result.m_req.m_tri  4 (3:FALSE)      --              FALSE  @(f:../Filter.h,l:19,c:38->f:/usr/cadtool/cadence/  
                                                                                                                  
o_result.m_req.gen_n  4 (3:FALSE)      --              FALSE  ../Filter.h,l:19,c:38                               
                                                                                                                  
o_result.m_req.m_nex  4 (3:FALSE)      --              FALSE  @(f:../Filter.h,l:19,c:38->f:/usr/cadtool/cadence/  
                                                                                                                  
                                                                                                                  
Scheduler report for : i_rgb_gen_unvalidated_req                                                                  
------------------------------------------------                                                                                            
                                                                                                                  
Op                    SID(BB;Clocked)  Pipeline Stage  IS     SRCLOC                                              
--                    ---------------  --------------  --     ------                                              
                                                                                                                  
i_rgb.m_unvalidated_  5 (4:FALSE)      --              FALSE  @(f:../Filter.h,l:18,c:37->f:/usr/cadtool/cadence/  
                                                                                                                  
i_rgb                 7 (6:FALSE)      --              FALSE  ../Filter.h,l:18,c:37                               
                                                                                                                  
i_rgb.m_unvalidated_  8 (7:TRUE)       --              FALSE  @(f:../Filter.h,l:18,c:37->f:/usr/cadtool/cadence/  
                                                                                                                  
i_rgb.m_busy_req_0.i  9 (8:FALSE)      --              FALSE  @(f:../Filter.h,l:18,c:37->f:/usr/cadtool/cadence/  
                                                                                                                  
i_rgb.vld.i_rgb.gen_  9 (8:FALSE)      --              FALSE  @(f:../Filter.h,l:18,c:37->f:/usr/cadtool/cadence/  
                                                                                                                  
i_rgb.gen_unvalidate  9 (8:FALSE)      --              FALSE  ../Filter.h,l:18,c:37                               
                                                                                                                  
i_rgb.m_unvalidated_  9 (8:FALSE)      --              FALSE  @(f:../Filter.h,l:18,c:37->f:/usr/cadtool/cadence/  
                                                                                                                  
                                                                                                                  
Scheduler report for : i_rgb_gen_do_stall_reg_full                                                                
--------------------------------------------------                                                                                            
                                                                                                                  
Op                    SID(BB;Clocked)  Pipeline Stage  IS     SRCLOC                                              
--                    ---------------  --------------  --     ------                                              
                                                                                                                  
i_rgb.m_stall_reg_fu  4 (3:FALSE)      --              FALSE  @(f:../Filter.h,l:18,c:37->f:/usr/cadtool/cadence/  
                                                                                                                  
i_rgb.m_stalling.i_r  8 (7:FALSE)      --              FALSE  @(f:../Filter.h,l:18,c:37->f:/usr/cadtool/cadence/  
                                                                                                                  
i_rgb.m_data_is_vali  8 (7:FALSE)      --              FALSE  @(f:../Filter.h,l:18,c:37->f:/usr/cadtool/cadence/  
                                                                                                                  
i_rgb.gen_do_stall_r  8 (7:FALSE)      --              FALSE  ../Filter.h,l:18,c:37                               
                                                                                                                  
i_rgb.m_stall_reg_fu  8 (7:FALSE)      --              FALSE  @(f:../Filter.h,l:18,c:37->f:/usr/cadtool/cadence/  
                                                                                                                  
                                                                                                                  
Scheduler report for : do_filter                                                                                  
--------------------------------                                                                                            
                                                                                                                  
Op                    SID(BB;Clocked)  Pipeline Stage  IS     SRCLOC                                              
--                    ---------------  --------------  --     ------                                              
                                                                                                                  
i_rgb.m_busy_req_0.r  3 (2:FALSE)      --              FALSE  @(f:../Filter.h,l:18,c:37->f:/usr/cadtool/cadence/  
                                                                                                                  
i_rgb.m_stalling.res  3 (2:FALSE)      --              FALSE  @(f:../Filter.h,l:18,c:37->f:/usr/cadtool/cadence/  
                                                                                                                  
o_result.m_req.m_tri  3 (2:FALSE)      --              FALSE  @(f:../Filter.h,l:19,c:38->f:/usr/cadtool/cadence/  
                                                                                                                  
result                5 (4:FALSE)      --              FALSE  ../Filter.h,l:33,c:14 -> f:../Filter.cpp,l:41,c:2   
                                                                                                                  
color                 5 (4:FALSE)      --              FALSE  ../Filter.cpp,l:59,c:16 -> l:41,c:2                 
                                                                                                                  
box                   5 (4:FALSE)      --              FALSE  ../Filter.h,l:31,c:13 -> f:../Filter.cpp,l:41,c:2   
                                                                                                                  
data_buffer           5 (4:FALSE)      --              FALSE  ../Filter.h,l:30,c:13 -> f:../Filter.cpp,l:41,c:2   
                                                                                                                  
center                5 (4:FALSE)      --              FALSE  ../Filter.h,l:32,c:13 -> f:../Filter.cpp,l:41,c:2   
                                                                                                                  
v                     5 (4:FALSE)      --              FALSE  ../Filter.cpp,l:47,c:19                             
                                                                                                                  
v                     6 (5:FALSE)      --              FALSE  ../Filter.cpp,l:47,c:19 -> c:33                     
                                                                                                                  
result                6 (5:FALSE)      --              FALSE  ../Filter.h,l:33,c:14 -> f:../Filter.cpp,l:43,c:10  
                                                                                                                  
color                 6 (5:FALSE)      --              FALSE  ../Filter.cpp,l:59,c:16 -> l:42,c:3                 
                                                                                                                  
box                   6 (5:FALSE)      --              FALSE  ../Filter.h,l:31,c:13 -> f:../Filter.cpp,l:42,c:3   
                                                                                                                  
data_buffer           6 (5:FALSE)      --              FALSE  ../Filter.h,l:30,c:13 -> f:../Filter.cpp,l:42,c:3   
                                                                                                                  
                      6 (5:FALSE)      --              FALSE  f:../Filter.cpp,l:71,c:17                           
                                                                                                                  
                      6 (5:FALSE)      --              FALSE  f:../Filter.cpp,l:71,c:19                           
                                                                                                                  
u                     7 (6:TRUE)       --              FALSE  ../Filter.cpp,l:48,c:20                             
                                                                                                                  
result                7 (6:TRUE)       --              FALSE  ../Filter.h,l:33,c:14 -> f:../Filter.cpp,l:43,c:10  
                                                                                                                  
u                     8 (7:FALSE)      --              FALSE  ../Filter.cpp,l:48,c:20 -> c:34                     
                                                                                                                  
color                 8 (7:FALSE)      --              FALSE  ../Filter.cpp,l:59,c:16                             
                                                                                                                  
box                   8 (7:FALSE)      --              FALSE  ../Filter.h,l:31,c:13 -> f:../Filter.cpp,l:48,c:4   
                                                                                                                  
i_rgb.m_busy_req_0.g  9 (8:FALSE)      --              FALSE  @(f:../Filter.h,l:18,c:37->f:/usr/cadtool/cadence/  
                                                                                                                  
i_rgb                 11 (10:TRUE)     --              FALSE  ../Filter.h,l:18,c:37                               
                                                                                                                  
do_filter::get        11 (10:TRUE)     --              FALSE  ../Filter.cpp,l:30,c:14 mapped                      
                                                                                                                  
                      11 (10:TRUE)     --              FALSE  f:../Filter.cpp,l:63,c:15                           
                                                                                                                  
                      11 (10:TRUE)     --              FALSE  f:../Filter.cpp,l:63,c:17                           
                                                                                                                  
                      12 (11:FALSE)    --              FALSE  f:../Filter.cpp,l:48,c:32                           
                                                                                                                  
i_rgb.data.get::nb_g  12 (11:FALSE)    --              FALSE  @(f:../Filter.h,l:18,c:37->f:/usr/cadtool/cadence/  
                                                                                                                  
i_rgb.m_busy_req_0.g  12 (11:FALSE)    --              FALSE  @(f:../Filter.h,l:18,c:37->f:/usr/cadtool/cadence/  
                                                                                                                  
operator[]            12 (11:FALSE)    --              FALSE  ../Filter.cpp,l:60,c:12                             
                                                                                                                  
color                 13 (12:TRUE)     --              FALSE  ../Filter.cpp,l:59,c:16                             
                                                                                                                  
color                 14 (13:TRUE)     --              FALSE  ../Filter.cpp,l:59,c:16                             
                                                                                                                  
i                     15 (13:TRUE)     --              FALSE  ../Filter.cpp,l:61,c:22                             
                                                                                                                  
k                     15 (13:TRUE)     --              FALSE  ../Filter.cpp,l:67,c:22                             
                                                                                                                  
color                 15 (13:TRUE)     --              FALSE  ../Filter.cpp,l:59,c:16                             
                                                                                                                  
i                     19 (16:FALSE)    --              FALSE  ../Filter.cpp,l:68,c:23                             
                                                                                                                  
color                 19 (16:FALSE)    --              FALSE  ../Filter.cpp,l:59,c:16 -> l:67,c:6                 
                                                                                                                  
k                     19 (16:FALSE)    --              FALSE  ../Filter.cpp,l:67,c:22 -> c:38                     
                                                                                                                  
box                   19 (16:FALSE)    --              FALSE  ../Filter.h,l:31,c:13 -> f:../Filter.cpp,l:67,c:6   
                                                                                                                  
data_buffer           19 (16:FALSE)    --              FALSE  ../Filter.h,l:30,c:13 -> f:../Filter.cpp,l:67,c:6   
                                                                                                                  
                      19 (16:FALSE)    --              FALSE  f:../Filter.cpp,l:69,c:15                           
                                                                                                                  
                      19 (16:FALSE)    --              FALSE  f:../Filter.cpp,l:75,c:43                           
                                                                                                                  
color                 18 (23:FALSE)    --              FALSE  ../Filter.cpp,l:59,c:16 -> l:63,c:28                
                                                                                                                  
i                     18 (23:FALSE)    --              FALSE  ../Filter.cpp,l:61,c:22 -> c:39                     
                                                                                                                  
box                   18 (23:FALSE)    --              FALSE  ../Filter.h,l:31,c:13 -> f:../Filter.cpp,l:63,c:13  
                                                                                                                  
                      18 (23:FALSE)    --              FALSE  f:../Filter.cpp,l:63,c:13                           
                                                                                                                  
                      20 (17:FALSE)    --              FALSE  f:../Filter.cpp,l:47,c:31                           
                                                                                                                  
color                 20 (17:FALSE)    --              FALSE  ../Filter.cpp,l:59,c:16 -> l:71,c:30                
                                                                                                                  
i                     20 (17:FALSE)    --              FALSE  ../Filter.cpp,l:68,c:23 -> c:40                     
                                                                                                                  
box                   20 (17:FALSE)    --              FALSE  ../Filter.h,l:31,c:13 -> f:../Filter.cpp,l:75,c:15  
                                                                                                                  
data_buffer           20 (17:FALSE)    --              FALSE  ../Filter.h,l:30,c:13 -> f:../Filter.cpp,l:75,c:39  
                                                                                                                  
                      20 (17:FALSE)    --              FALSE  f:../Filter.cpp,l:71,c:15                           
                                                                                                                  
                      21 (24:TRUE)     --              FALSE  f:../Filter.cpp,l:63,c:13                           
                                                                                                                  
color                 21 (24:TRUE)     --              FALSE  ../Filter.cpp,l:59,c:16 -> l:63,c:28                
                                                                                                                  
                      22 (18:TRUE)     --              FALSE  f:../Filter.cpp,l:75,c:17                           
                                                                                                                  
                      22 (18:TRUE)     --              FALSE  f:../Filter.cpp,l:69,c:15                           
                                                                                                                  
                      22 (18:TRUE)     --              FALSE  f:../Filter.cpp,l:69,c:15                           
                                                                                                                  
                      22 (18:TRUE)     --              FALSE  f:../Filter.cpp,l:71,c:15                           
                                                                                                                  
                      22 (18:TRUE)     --              FALSE  f:../Filter.cpp,l:75,c:19                           
                                                                                                                  
color                 22 (18:TRUE)     --              FALSE  ../Filter.cpp,l:59,c:16 -> l:71,c:30                
                                                                                                                  
                      23 (24:TRUE)     --              FALSE  f:../Filter.cpp,l:61,c:37                           
                                                                                                                  
box                   23 (24:TRUE)     --              FALSE  ../Filter.h,l:31,c:13 -> f:../Filter.cpp,l:63,c:13  
                                                                                                                  
k                     24 (18:TRUE)     --              FALSE  ../Filter.cpp,l:67,c:22 -> l:69,c:12                
                                                                                                                  
                      24 (18:TRUE)     --              FALSE  f:../Filter.cpp,l:75,c:39                           
                                                                                                                  
                      24 (18:TRUE)     --              FALSE  f:../Filter.cpp,l:75,c:39                           
                                                                                                                  
box                   24 (18:TRUE)     --              FALSE  ../Filter.h,l:31,c:13 -> f:../Filter.cpp,l:71,c:15  
                                                                                                                  
                      26 (26:FALSE)    --              FALSE  f:../Filter.cpp,l:48,c:28                           
                                                                                                                  
                      27 (18:TRUE)     --              FALSE  f:../Filter.cpp,l:67,c:36                           
                                                                                                                  
k                     27 (18:TRUE)     --              FALSE  ../Filter.cpp,l:67,c:22 -> l:69,c:12                
                                                                                                                  
k                     27 (18:TRUE)     --              FALSE  ../Filter.cpp,l:67,c:22 -> l:69,c:12                
                                                                                                                  
                      27 (18:TRUE)     --              FALSE  f:../Filter.cpp,l:75,c:15                           
                                                                                                                  
                      27 (18:TRUE)     --              FALSE  f:../Filter.cpp,l:75,c:15                           
                                                                                                                  
data_buffer           27 (18:TRUE)     --              FALSE  ../Filter.h,l:30,c:13 -> f:../Filter.cpp,l:75,c:39  
                                                                                                                  
                      30 (18:TRUE)     --              FALSE  f:../Filter.cpp,l:68,c:38                           
                                                                                                                  
box                   30 (18:TRUE)     --              FALSE  ../Filter.h,l:31,c:13 -> f:../Filter.cpp,l:75,c:15  
                                                                                                                  
i                     30 (18:TRUE)     --              FALSE  ../Filter.cpp,l:87,c:19                             
                                                                                                                  
                      33 (20:FALSE)    --              FALSE  f:../Filter.cpp,l:67,c:31                           
                                                                                                                  
                      38 (29:FALSE)    --              FALSE  f:../Filter.cpp,l:47,c:27                           
                                                                                                                  
box                   41 (32:FALSE)    --              FALSE  ../Filter.h,l:31,c:13 -> f:../Filter.cpp,l:94,c:30  
                                                                                                                  
data_buffer           41 (32:FALSE)    --              FALSE  ../Filter.h,l:30,c:13 -> f:../Filter.cpp,l:94,c:18  
                                                                                                                  
i                     41 (32:FALSE)    --              FALSE  ../Filter.cpp,l:87,c:19 -> c:36                     
                                                                                                                  
                      41 (32:FALSE)    --              FALSE  f:../Filter.cpp,l:89,c:30                           
                                                                                                                  
                      41 (32:FALSE)    --              FALSE  f:../Filter.cpp,l:89,c:30                           
                                                                                                                  
                      42 (33:TRUE)     --              FALSE  f:../Filter.cpp,l:90,c:30                           
                                                                                                                  
                      42 (33:TRUE)     --              FALSE  f:../Filter.cpp,l:90,c:30                           
                                                                                                                  
                      43 (33:TRUE)     --              FALSE  f:../Filter.cpp,l:91,c:30                           
                                                                                                                  
                      43 (33:TRUE)     --              FALSE  f:../Filter.cpp,l:91,c:30                           
                                                                                                                  
                      44 (33:TRUE)     --              FALSE  f:../Filter.cpp,l:92,c:30                           
                                                                                                                  
                      44 (33:TRUE)     --              FALSE  f:../Filter.cpp,l:92,c:30                           
                                                                                                                  
                      45 (33:TRUE)     --              FALSE  f:../Filter.cpp,l:93,c:30                           
                                                                                                                  
                      45 (33:TRUE)     --              FALSE  f:../Filter.cpp,l:93,c:30                           
                                                                                                                  
                      46 (33:TRUE)     --              FALSE  f:../Filter.cpp,l:94,c:30                           
                                                                                                                  
                      46 (33:TRUE)     --              FALSE  f:../Filter.cpp,l:94,c:30                           
                                                                                                                  
box                   47 (33:TRUE)     --              FALSE  ../Filter.h,l:31,c:13 -> f:../Filter.cpp,l:89,c:30  
                                                                                                                  
                      47 (33:TRUE)     --              FALSE  f:../Filter.cpp,l:89,c:18                           
                                                                                                                  
box                   48 (33:TRUE)     --              FALSE  ../Filter.h,l:31,c:13 -> f:../Filter.cpp,l:90,c:30  
                                                                                                                  
                      48 (33:TRUE)     --              FALSE  f:../Filter.cpp,l:90,c:18                           
                                                                                                                  
data_buffer           48 (33:TRUE)     --              FALSE  ../Filter.h,l:30,c:13 -> f:../Filter.cpp,l:89,c:18  
                                                                                                                  
                      48 (33:TRUE)     --              FALSE  f:../Filter.cpp,l:90,c:18                           
                                                                                                                  
box                   49 (33:TRUE)     --              FALSE  ../Filter.h,l:31,c:13 -> f:../Filter.cpp,l:91,c:30  
                                                                                                                  
                      49 (33:TRUE)     --              FALSE  f:../Filter.cpp,l:91,c:18                           
                                                                                                                  
data_buffer           49 (33:TRUE)     --              FALSE  ../Filter.h,l:30,c:13 -> f:../Filter.cpp,l:90,c:18  
                                                                                                                  
                      49 (33:TRUE)     --              FALSE  f:../Filter.cpp,l:91,c:18                           
                                                                                                                  
box                   50 (33:TRUE)     --              FALSE  ../Filter.h,l:31,c:13 -> f:../Filter.cpp,l:92,c:30  
                                                                                                                  
                      50 (33:TRUE)     --              FALSE  f:../Filter.cpp,l:92,c:18                           
                                                                                                                  
data_buffer           50 (33:TRUE)     --              FALSE  ../Filter.h,l:30,c:13 -> f:../Filter.cpp,l:91,c:18  
                                                                                                                  
                      50 (33:TRUE)     --              FALSE  f:../Filter.cpp,l:92,c:18                           
                                                                                                                  
box                   51 (33:TRUE)     --              FALSE  ../Filter.h,l:31,c:13 -> f:../Filter.cpp,l:93,c:30  
                                                                                                                  
                      51 (33:TRUE)     --              FALSE  f:../Filter.cpp,l:93,c:18                           
                                                                                                                  
data_buffer           51 (33:TRUE)     --              FALSE  ../Filter.h,l:30,c:13 -> f:../Filter.cpp,l:92,c:18  
                                                                                                                  
                      51 (33:TRUE)     --              FALSE  f:../Filter.cpp,l:93,c:18                           
                                                                                                                  
box                   52 (33:TRUE)     --              FALSE  ../Filter.h,l:31,c:13 -> f:../Filter.cpp,l:94,c:30  
                                                                                                                  
                      52 (33:TRUE)     --              FALSE  f:../Filter.cpp,l:94,c:18                           
                                                                                                                  
data_buffer           52 (33:TRUE)     --              FALSE  ../Filter.h,l:30,c:13 -> f:../Filter.cpp,l:93,c:18  
                                                                                                                  
                      52 (33:TRUE)     --              FALSE  f:../Filter.cpp,l:94,c:18                           
                                                                                                                  
                      53 (33:TRUE)     --              FALSE  f:../Filter.cpp,l:87,c:34                           
                                                                                                                  
data_buffer           53 (33:TRUE)     --              FALSE  ../Filter.h,l:30,c:13 -> f:../Filter.cpp,l:94,c:18  
                                                                                                                  
i                     53 (33:TRUE)     --              FALSE  ../Filter.cpp,l:99,c:19                             
                                                                                                                  
box                   56 (36:FALSE)    --              FALSE  ../Filter.h,l:31,c:13                               
                                                                                                                  
i                     56 (36:FALSE)    --              FALSE  ../Filter.cpp,l:99,c:19 -> c:35                     
                                                                                                                  
center                56 (36:FALSE)    --              FALSE  ../Filter.h,l:32,c:13                               
                                                                                                                  
f:../Filter.cpp,l:10  56 (36:FALSE)    --              FALSE  & l:101,c:22                                        
                                                                                                                  
f:../Filter.cpp,l:10  56 (36:FALSE)    --              FALSE  & l:101,c:22                                        
                                                                                                                  
                      57 (37:TRUE)     --              FALSE  f:../Filter.cpp,l:102,c:17                          
                                                                                                                  
                      57 (37:TRUE)     --              FALSE  f:../Filter.cpp,l:102,c:17                          
                                                                                                                  
box                   57 (37:TRUE)     --              FALSE  ../Filter.h,l:31,c:13                               
                                                                                                                  
                      58 (37:TRUE)     --              FALSE  f:../Filter.cpp,l:102,c:17                          
                                                                                                                  
                      58 (37:TRUE)     --              FALSE  f:../Filter.cpp,l:102,c:17                          
                                                                                                                  
box                   58 (37:TRUE)     --              FALSE  ../Filter.h,l:31,c:13                               
                                                                                                                  
center                58 (37:TRUE)     --              FALSE  ../Filter.h,l:32,c:13                               
                                                                                                                  
                      59 (37:TRUE)     --              FALSE  f:../Filter.cpp,l:102,c:17                          
                                                                                                                  
                      59 (37:TRUE)     --              FALSE  f:../Filter.cpp,l:102,c:17                          
                                                                                                                  
box                   59 (37:TRUE)     --              FALSE  ../Filter.h,l:31,c:13                               
                                                                                                                  
                      60 (37:TRUE)     --              FALSE  f:../Filter.cpp,l:102,c:17                          
                                                                                                                  
                      60 (37:TRUE)     --              FALSE  f:../Filter.cpp,l:102,c:17                          
                                                                                                                  
box                   60 (37:TRUE)     --              FALSE  ../Filter.h,l:31,c:13                               
                                                                                                                  
                      60 (37:TRUE)     --              FALSE  f:../Filter.cpp,l:102,c:4                           
                                                                                                                  
                      60 (37:TRUE)     --              FALSE  f:../Filter.cpp,l:102,c:4                           
                                                                                                                  
                      60 (37:TRUE)     --              FALSE  f:../Filter.cpp,l:102,c:4                           
                                                                                                                  
                      61 (37:TRUE)     --              FALSE  f:../Filter.cpp,l:102,c:17                          
                                                                                                                  
                      61 (37:TRUE)     --              FALSE  f:../Filter.cpp,l:102,c:17                          
                                                                                                                  
box                   61 (37:TRUE)     --              FALSE  ../Filter.h,l:31,c:13                               
                                                                                                                  
                      61 (37:TRUE)     --              FALSE  f:../Filter.cpp,l:102,c:4                           
                                                                                                                  
                      61 (37:TRUE)     --              FALSE  f:../Filter.cpp,l:102,c:4                           
                                                                                                                  
                      61 (37:TRUE)     --              FALSE  f:../Filter.cpp,l:102,c:4                           
                                                                                                                  
                      62 (37:TRUE)     --              FALSE  f:../Filter.cpp,l:102,c:17                          
                                                                                                                  
                      62 (37:TRUE)     --              FALSE  f:../Filter.cpp,l:102,c:17                          
                                                                                                                  
box                   62 (37:TRUE)     --              FALSE  ../Filter.h,l:31,c:13                               
                                                                                                                  
                      63 (37:TRUE)     --              FALSE  f:../Filter.cpp,l:102,c:17                          
                                                                                                                  
box                   63 (37:TRUE)     --              FALSE  ../Filter.h,l:31,c:13                               
                                                                                                                  
                      63 (37:TRUE)     --              FALSE  f:../Filter.cpp,l:102,c:4                           
                                                                                                                  
                      63 (37:TRUE)     --              FALSE  f:../Filter.cpp,l:102,c:4                           
                                                                                                                  
                      63 (37:TRUE)     --              FALSE  f:../Filter.cpp,l:102,c:4                           
                                                                                                                  
                      63 (37:TRUE)     --              FALSE  f:../Filter.cpp,l:102,c:4                           
                                                                                                                  
                      63 (37:TRUE)     --              FALSE  f:../Filter.cpp,l:102,c:4                           
                                                                                                                  
                      63 (37:TRUE)     --              FALSE  f:../Filter.cpp,l:102,c:4                           
                                                                                                                  
                      63 (37:TRUE)     --              FALSE  f:../Filter.cpp,l:102,c:4                           
                                                                                                                  
                      63 (37:TRUE)     --              FALSE  f:../Filter.cpp,l:102,c:4                           
                                                                                                                  
                      63 (37:TRUE)     --              FALSE  f:../Filter.cpp,l:102,c:4                           
                                                                                                                  
                      63 (37:TRUE)     --              FALSE  f:../Filter.cpp,l:102,c:4                           
                                                                                                                  
                      63 (37:TRUE)     --              FALSE  f:../Filter.cpp,l:102,c:4                           
                                                                                                                  
                      63 (37:TRUE)     --              FALSE  f:../Filter.cpp,l:102,c:4                           
                                                                                                                  
box                   64 (37:TRUE)     --              FALSE  ../Filter.h,l:31,c:13                               
                                                                                                                  
                      64 (37:TRUE)     --              FALSE  f:../Filter.cpp,l:102,c:4                           
                                                                                                                  
                      64 (37:TRUE)     --              FALSE  f:../Filter.cpp,l:102,c:4                           
                                                                                                                  
                      64 (37:TRUE)     --              FALSE  f:../Filter.cpp,l:102,c:4                           
                                                                                                                  
                      64 (37:TRUE)     --              FALSE  f:../Filter.cpp,l:102,c:4                           
                                                                                                                  
                      64 (37:TRUE)     --              FALSE  f:../Filter.cpp,l:102,c:4                           
                                                                                                                  
                      64 (37:TRUE)     --              FALSE  f:../Filter.cpp,l:102,c:4                           
                                                                                                                  
                      64 (37:TRUE)     --              FALSE  f:../Filter.cpp,l:102,c:4                           
                                                                                                                  
                      64 (37:TRUE)     --              FALSE  f:../Filter.cpp,l:102,c:4                           
                                                                                                                  
                      64 (37:TRUE)     --              FALSE  f:../Filter.cpp,l:102,c:4                           
                                                                                                                  
                      64 (37:TRUE)     --              FALSE  f:../Filter.cpp,l:102,c:4                           
                                                                                                                  
                      64 (37:TRUE)     --              FALSE  f:../Filter.cpp,l:102,c:4                           
                                                                                                                  
                      64 (37:TRUE)     --              FALSE  f:../Filter.cpp,l:102,c:4                           
                                                                                                                  
                      64 (37:TRUE)     --              FALSE  f:../Filter.cpp,l:102,c:4                           
                                                                                                                  
                      64 (37:TRUE)     --              FALSE  f:../Filter.cpp,l:102,c:4                           
                                                                                                                  
                      64 (37:TRUE)     --              FALSE  f:../Filter.cpp,l:102,c:4                           
                                                                                                                  
                      64 (37:TRUE)     --              FALSE  f:../Filter.cpp,l:102,c:4                           
                                                                                                                  
                      64 (37:TRUE)     --              FALSE  f:../Filter.cpp,l:102,c:17                          
                                                                                                                  
                      64 (37:TRUE)     --              FALSE  f:../Filter.cpp,l:102,c:4                           
                                                                                                                  
                      64 (37:TRUE)     --              FALSE  f:../Filter.cpp,l:102,c:4                           
                                                                                                                  
                      64 (37:TRUE)     --              FALSE  f:../Filter.cpp,l:102,c:4                           
                                                                                                                  
                      64 (37:TRUE)     --              FALSE  f:../Filter.cpp,l:102,c:4                           
                                                                                                                  
                      64 (37:TRUE)     --              FALSE  f:../Filter.cpp,l:102,c:17                          
                                                                                                                  
                      64 (37:TRUE)     --              FALSE  f:../Filter.cpp,l:102,c:4                           
                                                                                                                  
                      64 (37:TRUE)     --              FALSE  f:../Filter.cpp,l:102,c:4                           
                                                                                                                  
                      64 (37:TRUE)     --              FALSE  f:../Filter.cpp,l:102,c:4                           
                                                                                                                  
                      64 (37:TRUE)     --              FALSE  f:../Filter.cpp,l:102,c:4                           
                                                                                                                  
                      64 (37:TRUE)     --              FALSE  f:../Filter.cpp,l:102,c:4                           
                                                                                                                  
                      64 (37:TRUE)     --              FALSE  f:../Filter.cpp,l:102,c:4                           
                                                                                                                  
                      64 (37:TRUE)     --              FALSE  f:../Filter.cpp,l:102,c:4                           
                                                                                                                  
                      64 (37:TRUE)     --              FALSE  f:../Filter.cpp,l:102,c:4                           
                                                                                                                  
                      64 (37:TRUE)     --              FALSE  f:../Filter.cpp,l:102,c:4                           
                                                                                                                  
                      64 (37:TRUE)     --              FALSE  f:../Filter.cpp,l:102,c:4                           
                                                                                                                  
                      64 (37:TRUE)     --              FALSE  f:../Filter.cpp,l:102,c:4                           
                                                                                                                  
                      64 (37:TRUE)     --              FALSE  f:../Filter.cpp,l:102,c:4                           
                                                                                                                  
                      64 (37:TRUE)     --              FALSE  f:../Filter.cpp,l:102,c:4                           
                                                                                                                  
                      64 (37:TRUE)     --              FALSE  f:../Filter.cpp,l:102,c:4                           
                                                                                                                  
                      64 (37:TRUE)     --              FALSE  f:../Filter.cpp,l:102,c:4                           
                                                                                                                  
                      64 (37:TRUE)     --              FALSE  f:../Filter.cpp,l:102,c:4                           
                                                                                                                  
                      64 (37:TRUE)     --              FALSE  f:../Filter.cpp,l:102,c:4                           
                                                                                                                  
                      64 (37:TRUE)     --              FALSE  f:../Filter.cpp,l:102,c:4                           
                                                                                                                  
                      64 (37:TRUE)     --              FALSE  f:../Filter.cpp,l:102,c:4                           
                                                                                                                  
                      64 (37:TRUE)     --              FALSE  f:../Filter.cpp,l:102,c:4                           
                                                                                                                  
                      64 (37:TRUE)     --              FALSE  f:../Filter.cpp,l:102,c:4                           
                                                                                                                  
                      64 (37:TRUE)     --              FALSE  f:../Filter.cpp,l:102,c:4                           
                                                                                                                  
box                   65 (37:TRUE)     --              FALSE  ../Filter.h,l:31,c:13                               
                                                                                                                  
                      65 (37:TRUE)     --              FALSE  f:../Filter.cpp,l:102,c:4                           
                                                                                                                  
                      65 (37:TRUE)     --              FALSE  f:../Filter.cpp,l:102,c:4                           
                                                                                                                  
                      65 (37:TRUE)     --              FALSE  f:../Filter.cpp,l:102,c:4                           
                                                                                                                  
                      65 (37:TRUE)     --              FALSE  f:../Filter.cpp,l:102,c:4                           
                                                                                                                  
                      65 (37:TRUE)     --              FALSE  f:../Filter.cpp,l:102,c:4                           
                                                                                                                  
                      65 (37:TRUE)     --              FALSE  f:../Filter.cpp,l:102,c:4                           
                                                                                                                  
                      65 (37:TRUE)     --              FALSE  f:../Filter.cpp,l:102,c:17                          
                                                                                                                  
                      65 (37:TRUE)     --              FALSE  f:../Filter.cpp,l:102,c:4                           
                                                                                                                  
                      65 (37:TRUE)     --              FALSE  f:../Filter.cpp,l:102,c:4                           
                                                                                                                  
                      65 (37:TRUE)     --              FALSE  f:../Filter.cpp,l:102,c:4                           
                                                                                                                  
                      65 (37:TRUE)     --              FALSE  f:../Filter.cpp,l:102,c:4                           
                                                                                                                  
                      65 (37:TRUE)     --              FALSE  f:../Filter.cpp,l:102,c:4                           
                                                                                                                  
                      65 (37:TRUE)     --              FALSE  f:../Filter.cpp,l:102,c:4                           
                                                                                                                  
                      65 (37:TRUE)     --              FALSE  f:../Filter.cpp,l:102,c:4                           
                                                                                                                  
                      65 (37:TRUE)     --              FALSE  f:../Filter.cpp,l:102,c:4                           
                                                                                                                  
                      65 (37:TRUE)     --              FALSE  f:../Filter.cpp,l:102,c:4                           
                                                                                                                  
                      65 (37:TRUE)     --              FALSE  f:../Filter.cpp,l:102,c:4                           
                                                                                                                  
                      65 (37:TRUE)     --              FALSE  f:../Filter.cpp,l:102,c:4                           
                                                                                                                  
                      65 (37:TRUE)     --              FALSE  f:../Filter.cpp,l:102,c:4                           
                                                                                                                  
                      65 (37:TRUE)     --              FALSE  f:../Filter.cpp,l:102,c:4                           
                                                                                                                  
                      65 (37:TRUE)     --              FALSE  f:../Filter.cpp,l:102,c:4                           
                                                                                                                  
                      65 (37:TRUE)     --              FALSE  f:../Filter.cpp,l:102,c:4                           
                                                                                                                  
                      65 (37:TRUE)     --              FALSE  f:../Filter.cpp,l:102,c:4                           
                                                                                                                  
                      65 (37:TRUE)     --              FALSE  f:../Filter.cpp,l:102,c:4                           
                                                                                                                  
                      65 (37:TRUE)     --              FALSE  f:../Filter.cpp,l:102,c:4                           
                                                                                                                  
                      66 (37:TRUE)     --              FALSE  f:../Filter.cpp,l:102,c:17                          
                                                                                                                  
box                   66 (37:TRUE)     --              FALSE  ../Filter.h,l:31,c:13                               
                                                                                                                  
                      66 (37:TRUE)     --              FALSE  f:../Filter.cpp,l:102,c:17                          
                                                                                                                  
                      67 (37:TRUE)     --              FALSE  f:../Filter.cpp,l:102,c:17                          
                                                                                                                  
box                   67 (37:TRUE)     --              FALSE  ../Filter.h,l:31,c:13                               
                                                                                                                  
                      67 (37:TRUE)     --              FALSE  f:../Filter.cpp,l:102,c:17                          
                                                                                                                  
                      68 (37:TRUE)     --              FALSE  f:../Filter.cpp,l:102,c:17                          
                                                                                                                  
box                   68 (37:TRUE)     --              FALSE  ../Filter.h,l:31,c:13                               
                                                                                                                  
                      68 (37:TRUE)     --              FALSE  f:../Filter.cpp,l:102,c:17                          
                                                                                                                  
f:../Filter.cpp,l:10  69 (37:TRUE)     --              FALSE  & l:101,c:22                                        
                                                                                                                  
box                   69 (37:TRUE)     --              FALSE  ../Filter.h,l:31,c:13                               
                                                                                                                  
f:../Filter.cpp,l:10  69 (37:TRUE)     --              FALSE  & l:101,c:22                                        
                                                                                                                  
                      70 (37:TRUE)     --              FALSE  f:../Filter.cpp,l:102,c:17                          
                                                                                                                  
box                   70 (37:TRUE)     --              FALSE  ../Filter.h,l:31,c:13                               
                                                                                                                  
                      70 (37:TRUE)     --              FALSE  f:../Filter.cpp,l:102,c:17                          
                                                                                                                  
                      71 (37:TRUE)     --              FALSE  f:../Filter.cpp,l:102,c:17                          
                                                                                                                  
box                   71 (37:TRUE)     --              FALSE  ../Filter.h,l:31,c:13                               
                                                                                                                  
                      71 (37:TRUE)     --              FALSE  f:../Filter.cpp,l:102,c:17                          
                                                                                                                  
                      72 (37:TRUE)     --              FALSE  f:../Filter.cpp,l:102,c:17                          
                                                                                                                  
box                   72 (37:TRUE)     --              FALSE  ../Filter.h,l:31,c:13                               
                                                                                                                  
                      72 (37:TRUE)     --              FALSE  f:../Filter.cpp,l:102,c:17                          
                                                                                                                  
                      73 (37:TRUE)     --              FALSE  f:../Filter.cpp,l:99,c:33                           
                                                                                                                  
                      73 (37:TRUE)     --              FALSE  f:../Filter.cpp,l:102,c:17                          
                                                                                                                  
box                   73 (37:TRUE)     --              FALSE  ../Filter.h,l:31,c:13                               
                                                                                                                  
                      73 (37:TRUE)     --              FALSE  f:../Filter.cpp,l:102,c:17                          
                                                                                                                  
                      74 (37:TRUE)     --              FALSE  f:../Filter.cpp,l:99,c:28                           
                                                                                                                  
box                   74 (37:TRUE)     --              FALSE  ../Filter.h,l:31,c:13                               
                                                                                                                  
i                     74 (37:TRUE)     --              FALSE  ../Filter.cpp,l:108,c:19                            
                                                                                                                  
result                77 (40:FALSE)    --              FALSE  ../Filter.h,l:33,c:14                               
                                                                                                                  
box                   77 (40:FALSE)    --              FALSE  ../Filter.h,l:31,c:13 -> f:../Filter.cpp,l:108,c:3  
                                                                                                                  
center                77 (40:FALSE)    --              FALSE  ../Filter.h,l:32,c:13                               
                                                                                                                  
i                     77 (40:FALSE)    --              FALSE  ../Filter.cpp,l:108,c:19 -> c:35                    
                                                                                                                  
                      77 (40:FALSE)    --              FALSE  f:../Filter.cpp,l:112,c:49                          
                                                                                                                  
                      77 (40:FALSE)    --              FALSE  f:../Filter.cpp,l:112,c:49                          
                                                                                                                  
j                     78 (40:TRUE)     --              FALSE  ../Filter.cpp,l:109,c:20                            
                                                                                                                  
result                78 (40:TRUE)     --              FALSE  ../Filter.h,l:33,c:14                               
                                                                                                                  
center                78 (40:TRUE)     --              FALSE  ../Filter.h,l:32,c:13                               
                                                                                                                  
                      79 (41:FALSE)    --              FALSE  f:../Filter.cpp,l:114,c:25                          
                                                                                                                  
box                   79 (41:FALSE)    --              FALSE  ../Filter.h,l:31,c:13                               
                                                                                                                  
j                     79 (41:FALSE)    --              FALSE  ../Filter.cpp,l:109,c:20 -> c:36                    
                                                                                                                  
[f:../Filter.cpp,l:1  79 (41:FALSE)    --              FALSE  l:112,c:12, c:25] -> l:111,c:5                      
                                                                                                                  
                      79 (41:FALSE)    --              FALSE  f:../Filter.cpp,l:111,c:14                          
                                                                                                                  
j                     79 (41:FALSE)    --              FALSE  ../Filter.cpp,l:109,c:20 -> l:111,c:9               
                                                                                                                  
                      79 (41:FALSE)    --              FALSE  f:../Filter.cpp,l:114,c:25                          
                                                                                                                  
j                     80 (41:TRUE)     --              FALSE  ../Filter.cpp,l:109,c:20 -> l:111,c:9               
                                                                                                                  
box                   80 (41:TRUE)     --              FALSE  ../Filter.h,l:31,c:13                               
                                                                                                                  
box                   80 (41:TRUE)     --              FALSE  ../Filter.h,l:31,c:13                               
                                                                                                                  
                      80 (41:TRUE)     --              FALSE  f:../Filter.cpp,l:109,c:34                          
                                                                                                                  
operator+=            80 (41:TRUE)     --              FALSE  ../Filter.cpp,l:114,c:16 & operator= @l:112,c:16 &  
                                                                                                                  
                      81 (41:TRUE)     --              FALSE  f:../Filter.cpp,l:109,c:29                          
                                                                                                                  
operator+=            81 (41:TRUE)     --              FALSE  ../Filter.cpp,l:114,c:16                            
                                                                                                                  
operator-=            81 (41:TRUE)     --              FALSE  ../Filter.cpp,l:118,c:14                            
                                                                                                                  
operator/=            81 (41:TRUE)     --              FALSE  ../Filter.cpp,l:119,c:15                            
                                                                                                                  
                      83 (43:FALSE)    --              FALSE  f:../Filter.cpp,l:108,c:33                          
                                                                                                                  
                      84 (44:TRUE)     --              FALSE  f:../Filter.cpp,l:108,c:28                          
                                                                                                                  
result                84 (44:TRUE)     --              FALSE  ../Filter.h,l:33,c:14                               
                                                                                                                  
result                87 (46:TRUE)     --              FALSE  ../Filter.h,l:33,c:14                               
                                                                                                                  
result                88 (46:TRUE)     --              FALSE  ../Filter.h,l:33,c:14                               
                                                                                                                  
result                89 (46:TRUE)     --              FALSE  ../Filter.h,l:33,c:14                               
                                                                                                                  
total                 89 (46:TRUE)     --              FALSE  ../Filter.cpp,l:123,c:22 -> l:126,c:3               
                                                                                                                  
o_result.data.put::n  90 (47:FALSE)    --              FALSE  @(f:../Filter.h,l:19,c:38->f:/usr/cadtool/cadence/  
                                                                                                                  
o_result              90 (47:FALSE)    --              FALSE  ../Filter.h,l:19,c:38                               
                                                                                                                  
o_result.m_req.m_tri  90 (47:FALSE)    --              FALSE  @(f:../Filter.h,l:19,c:38->f:/usr/cadtool/cadence/  
                                                                                                                  
o_result              92 (49:TRUE)     --              FALSE  ../Filter.h,l:19,c:38                               
                                                                                                                  
do_filter::put        92 (49:TRUE)     --              FALSE  ../Filter.cpp,l:30,c:14 mapped                      
                                                                                                                  
                                                                                                                  
Scheduler report for : o_result_gen_stalling                                                                      
--------------------------------------------                                                                                            
                                                                                                                  
Op                    SID(BB;Clocked)  Pipeline Stage  IS     SRCLOC                                              
--                    ---------------  --------------  --     ------                                              
                                                                                                                  
o_result.vld.o_resul  4 (3:TRUE)       --              FALSE  @(f:../Filter.h,l:19,c:38->f:/usr/cadtool/cadence/  
                                                                                                                  
o_result.busy.o_resu  5 (4:FALSE)      --              FALSE  @(f:../Filter.h,l:19,c:38->f:/usr/cadtool/cadence/  
                                                                                                                  
o_result.gen_stallin  5 (4:FALSE)      --              FALSE  ../Filter.h,l:19,c:38                               
                                                                                                                  
o_result.m_stalling.  5 (4:FALSE)      --              FALSE  @(f:../Filter.h,l:19,c:38->f:/usr/cadtool/cadence/  
                                                                                                                  
                                                                                                                  
Scheduler report for : o_result_gen_unacked_req                                                                   
-----------------------------------------------                                                                                            
                                                                                                                  
Op                    SID(BB;Clocked)  Pipeline Stage  IS     SRCLOC                                              
--                    ---------------  --------------  --     ------                                              
                                                                                                                  
o_result.m_unacked_r  4 (3:FALSE)      --              FALSE  @(f:../Filter.h,l:19,c:38->f:/usr/cadtool/cadence/  
                                                                                                                  
o_result.m_stalling.  8 (7:FALSE)      --              FALSE  @(f:../Filter.h,l:19,c:38->f:/usr/cadtool/cadence/  
                                                                                                                  
o_result.m_unacked_r  8 (7:FALSE)      --              FALSE  @(f:../Filter.h,l:19,c:38->f:/usr/cadtool/cadence/  
                                                                                                                  
                                                                                                                  
Scheduler report for : i_rgb_gen_do_reg_vld                                                                       
-------------------------------------------                                                                                            
                                                                                                                  
Op                    SID(BB;Clocked)  Pipeline Stage  IS     SRCLOC                                              
--                    ---------------  --------------  --     ------                                              
                                                                                                                  
i_rgb.m_vld_reg.i_rg  5 (4:FALSE)      --              FALSE  @(f:../Filter.h,l:18,c:37->f:/usr/cadtool/cadence/  
                                                                                                                  
i_rgb                 7 (6:FALSE)      --              FALSE  ../Filter.h,l:18,c:37                               
                                                                                                                  
i_rgb.m_vld_reg.i_rg  8 (7:TRUE)       --              FALSE  @(f:../Filter.h,l:18,c:37->f:/usr/cadtool/cadence/  
                                                                                                                  
i_rgb.m_busy_interna  9 (8:FALSE)      --              FALSE  @(f:../Filter.h,l:18,c:37->f:/usr/cadtool/cadence/  
                                                                                                                  
i_rgb.vld.i_rgb.gen_  9 (8:FALSE)      --              FALSE  @(f:../Filter.h,l:18,c:37->f:/usr/cadtool/cadence/  
                                                                                                                  
i_rgb.gen_do_reg_vld  9 (8:FALSE)      --              FALSE  ../Filter.h,l:18,c:37                               
                                                                                                                  
i_rgb.m_vld_reg.i_rg  9 (8:FALSE)      --              FALSE  @(f:../Filter.h,l:18,c:37->f:/usr/cadtool/cadence/  
                                                                                                                  
                                                                                                                  
Scheduler report for : i_rgb_gen_busy                                                                             
-------------------------------------                                                                                            
                                                                                                                  
Op                    SID(BB;Clocked)  Pipeline Stage  IS     SRCLOC                                              
--                    ---------------  --------------  --     ------                                              
                                                                                                                  
i_rgb.vld.i_rgb.gen_  4 (3:TRUE)       --              FALSE  @(f:../Filter.h,l:18,c:37->f:/usr/cadtool/cadence/  
                                                                                                                  
i_rgb.m_unvalidated_  6 (5:FALSE)      --              FALSE  @(f:../Filter.h,l:18,c:37->f:/usr/cadtool/cadence/  
                                                                                                                  
i_rgb.m_busy_req_0.i  6 (5:FALSE)      --              FALSE  @(f:../Filter.h,l:18,c:37->f:/usr/cadtool/cadence/  
                                                                                                                  
i_rgb.m_data_is_inva  6 (5:FALSE)      --              FALSE  @(f:../Filter.h,l:18,c:37->f:/usr/cadtool/cadence/  
                                                                                                                  
i_rgb.gen_busy        6 (5:FALSE)      --              FALSE  ../Filter.h,l:18,c:37                               
                                                                                                                  
i_rgb.gen_busy        6 (5:FALSE)      --              FALSE  ../Filter.h,l:18,c:37                               
                                                                                                                  
i_rgb.m_data_is_inva  6 (5:FALSE)      --              FALSE  @(f:../Filter.h,l:18,c:37->f:/usr/cadtool/cadence/  
                                                                                                                  
i_rgb.m_busy_interna  7 (6:FALSE)      --              FALSE  @(f:../Filter.h,l:18,c:37->f:/usr/cadtool/cadence/  
                                                                                                                  
i_rgb.busy.i_rgb.gen  7 (6:FALSE)      --              FALSE  @(f:../Filter.h,l:18,c:37->f:/usr/cadtool/cadence/  
                                                                                                                  
i_rgb.m_data_is_vali  7 (6:FALSE)      --              FALSE  @(f:../Filter.h,l:18,c:37->f:/usr/cadtool/cadence/  
                                                                                                                  
i_rgb.m_data_is_inva  7 (6:FALSE)      --              FALSE  @(f:../Filter.h,l:18,c:37->f:/usr/cadtool/cadence/  
                                                                                                                  
                                                                                                                  
